<html>
<body>
<pre>
<h1>µVision Build Log</h1>
<h2>Tool Versions:</h2>
IDE-Version: µVision V5.21.1.0
Copyright (C) 2016 ARM Ltd and ARM Germany GmbH. All rights reserved.
License Information: Faculty of Engineering University of Regina Flex license: MDK-ARM Professional: 100 user(s) (mdk_pro) Operation stops: 1 Nov 2018
 
Tool Versions:
Toolchain:       MDK-ARM Professional: 100 user(s)  Version: 5.21a
Toolchain Path:  C:\Keil_v5\ARM\ARMCC\Bin
C Compiler:      Armcc.exe V5.06 update 3 (build 300)
Assembler:       Armasm.exe V5.06 update 3 (build 300)
Linker/Locator:  ArmLink.exe V5.06 update 3 (build 300)
Library Manager: ArmAr.exe V5.06 update 3 (build 300)
Hex Converter:   FromElf.exe V5.06 update 3 (build 300)
CPU DLL:         SARMCM3.DLL V5.21a
Dialog DLL:      DCM.DLL V1.13.8.0
Target DLL:      STLink\ST-LINKIII-KEIL_SWO.dll V2.0.18.0
Dialog DLL:      TCM.DLL V1.14.14.0
 
<h2>Project:</h2>
H:\ENSE\ENSE374Labs\ENEL-387-Lab\Lab 4\Lab 4.uvprojx
Project File Date:  02/07/2018

<h2>Output:</h2>
*** Using Compiler 'V5.06 update 3 (build 300)', folder: 'C:\Keil_v5\ARM\ARMCC\Bin'
Build target 'Target 1'
compiling main.c...
I:\ENSE\ENSE374Labs\ENEL-387-Lab\Libraries\LCD.h(36): warning:  #1-D: last line of file ends without a newline
   void updateTimer(void);
I:\ENSE\ENSE374Labs\ENEL-387-Lab\Lab 4\ADC.h(20): warning:  #1-D: last line of file ends without a newline
   uint32_t readADCtoHex(void);
main.c(75): warning:  #111-D: statement is unreachable
  	return 0;
main.c(76): warning:  #1-D: last line of file ends without a newline
  }
main.c(22): warning:  #177-D: variable "hexout" was declared but never referenced
  	char hexout[16];
main.c(23): warning:  #177-D: variable "point" was declared but never referenced
  	char *point;
main.c(25): warning:  #550-D: variable "timer" was set but never used
  	char timer[16] = "";
main.c: 7 warnings, 0 errors
linking...
Program Size: Code=4856 RO-data=384 RW-data=8 ZI-data=1648  
".\Objects\Lab 4.axf" - 0 Error(s), 7 Warning(s).

<h2>Software Packages used:</h2>

Package Vendor: ARM
                http://www.keil.com/pack/ARM.CMSIS.5.0.0-Beta12.pack
                ARM::CMSIS:CORE:5.0.0
                CMSIS (Cortex Microcontroller Software Interface Standard)
   * Component: CORE Version: 5.0.0

Package Vendor: Keil
                http://www.keil.com/pack/Keil.STM32F1xx_DFP.2.1.0.pack
                Keil::Device:Startup:1.0.0
                STMicroelectronics STM32F1 Series Device Support, Drivers and Examples
   * Component: Startup Version: 1.0.0

<h2>Collection of Component include folders:</h2>
  H:\ENSE\ENSE374Labs\ENEL-387-Lab\Lab 4\RTE
  H:\ENSE\ENSE374Labs\ENEL-387-Lab\Lab 4\RTE\Device\STM32F100RB
  C:\Keil_v5\ARM\PACK\ARM\CMSIS\5.0.0-Beta12\CMSIS\Include
  C:\Keil_v5\ARM\PACK\Keil\STM32F1xx_DFP\2.1.0\Device\Include

<h2>Collection of Component Files used:</h2>

   * Component: ARM::CMSIS:CORE:5.0.0

   * Component: Keil::Device:Startup:1.0.0
      Source file:   Device\Source\ARM\STM32F1xx_OPT.s
      Source file:   Device\Source\ARM\startup_stm32f10x_md_vl.s
      Source file:   Device\Source\system_stm32f10x.c
      Include file:  RTE_Driver\Config\RTE_Device.h
Build Time Elapsed:  00:00:01
</pre>
</body>
</html>
