<html>
<body>
<pre>
<h1>µVision Build Log</h1>
<h2>Tool Versions:</h2>
IDE-Version: µVision V5.24.2.0
Copyright (C) 2017 ARM Ltd and ARM Germany GmbH. All rights reserved.
License Information: Quinn Bast, UofR, LIC=----
 
Tool Versions:
Toolchain:       MDK-Lite  Version: 5.24.1
Toolchain Path:  C:\Keil_v5\ARM\ARMCC\Bin
C Compiler:      Armcc.exe V5.06 update 5 (build 528)
Assembler:       Armasm.exe V5.06 update 5 (build 528)
Linker/Locator:  ArmLink.exe V5.06 update 5 (build 528)
Library Manager: ArmAr.exe V5.06 update 5 (build 528)
Hex Converter:   FromElf.exe V5.06 update 5 (build 528)
CPU DLL:         SARMCM3.DLL V5.24.1
Dialog DLL:      DCM.DLL V1.16.0.0
Target DLL:      STLink\ST-LINKIII-KEIL_SWO.dll V3.0.1.0
Dialog DLL:      TCM.DLL V1.32.0.0
 
<h2>Project:</h2>
C:\Users\Quinn\Dropbox\College\Semester 11 2018 Winter\ENEL 387\ENEL-387-Lab\Mp3 Play Station\Mp3 Play Station.uvprojx
Project File Date:  03/16/2018

<h2>Output:</h2>
*** Using Compiler 'V5.06 update 5 (build 528)', folder: 'C:\Keil_v5\ARM\ARMCC\Bin'
Rebuild target 'Target 1'
compiling GPIO_lib.c...
compiling main.c...
C:\Users\Quinn\Dropbox\College\Semester 11 2018 Winter\ENEL 387\ENEL-387-Lab\Libraries\LCD.h(39): warning:  #1-D: last line of file ends without a newline
   void lcdUpdateTimer(void);
C:\Users\Quinn\Dropbox\College\Semester 11 2018 Winter\ENEL 387\ENEL-387-Lab\Mp3 Play Station\MP3Trigger.h(23): warning:  #1295-D: Deprecated declaration startStop - give arg types
  void startStop();
C:\Users\Quinn\Dropbox\College\Semester 11 2018 Winter\ENEL 387\ENEL-387-Lab\Mp3 Play Station\MP3Trigger.h(26): warning:  #1295-D: Deprecated declaration nextTrack - give arg types
  void nextTrack();
C:\Users\Quinn\Dropbox\College\Semester 11 2018 Winter\ENEL 387\ENEL-387-Lab\Mp3 Play Station\MP3Trigger.h(29): warning:  #1295-D: Deprecated declaration prevTrack - give arg types
  void prevTrack();
C:\Users\Quinn\Dropbox\College\Semester 11 2018 Winter\ENEL 387\ENEL-387-Lab\Mp3 Play Station\MP3Trigger.h(39): warning:  #1-D: last line of file ends without a newline
  int getNoTracks();
C:\Users\Quinn\Dropbox\College\Semester 11 2018 Winter\ENEL 387\ENEL-387-Lab\Mp3 Play Station\MP3Trigger.h(39): warning:  #1295-D: Deprecated declaration getNoTracks - give arg types
  int getNoTracks();
C:\Users\Quinn\Dropbox\College\Semester 11 2018 Winter\ENEL 387\ENEL-387-Lab\Mp3 Play Station\PS2.h(38): warning:  #1295-D: Deprecated declaration pollController - give arg types
   uint16_t* pollController();
C:\Users\Quinn\Dropbox\College\Semester 11 2018 Winter\ENEL 387\ENEL-387-Lab\Mp3 Play Station\PS2.h(44): warning:  #1-D: last line of file ends without a newline
   void writeNoRead(uint8_t);
main.c(13): warning:  #177-D: variable "lastAction"  was declared but never referenced
  	int lastAction[3];
main.c: 9 warnings, 0 errors
compiling LCD.c...
..\Libraries\LCD.c(191): warning:  #186-D: pointless comparison of unsigned integer with zero
  		 if(tempHex >= 0 && tempHex <= 9){
..\Libraries\LCD.c(203): warning:  #550-D: variable "writtenDecmial"  was set but never used
  	 int writtenDecmial = 0;
..\Libraries\LCD.c(281): warning:  #1-D: last line of file ends without a newline
  }
..\Libraries\LCD.c: 3 warnings, 0 errors
assembling startup_stm32f10x_md_vl.s...
compiling PS2.c...
C:\Users\Quinn\Dropbox\College\Semester 11 2018 Winter\ENEL 387\ENEL-387-Lab\Libraries\LCD.h(39): warning:  #1-D: last line of file ends without a newline
   void lcdUpdateTimer(void);
PS2.c(49): warning:  #177-D: variable "ret"  was declared but never referenced
  	 	 uint8_t ret = 0x00;
PS2.c(161): warning:  #1-D: last line of file ends without a newline
   }
PS2.c: 3 warnings, 0 errors
compiling MP3Trigger.c...
MP3Trigger.c(175): warning:  #1-D: last line of file ends without a newline
  }
MP3Trigger.c: 1 warning, 0 errors
compiling system_stm32f10x.c...
linking...
Program Size: Code=2572 RO-data=320 RW-data=8 ZI-data=1632  
".\Objects\Mp3 Play Station.axf" - 0 Error(s), 16 Warning(s).

<h2>Software Packages used:</h2>

Package Vendor: ARM
                http://www.keil.com/pack/ARM.CMSIS.5.0.1.pack
                ARM.CMSIS.5.0.1
                CMSIS (Cortex Microcontroller Software Interface Standard)
   * Component: CORE Version: 5.0.1

Package Vendor: Keil
                http://www.keil.com/pack/Keil.STM32F1xx_DFP.2.2.0.pack
                Keil.STM32F1xx_DFP.2.2.0
                STMicroelectronics STM32F1 Series Device Support, Drivers and Examples
   * Component: Startup Version: 1.0.0

<h2>Collection of Component include folders:</h2>
  .\RTE\Device\STM32F100RB
  .\RTE\_Target_1
  C:\Keil_v5\ARM\PACK\ARM\CMSIS\5.0.1\CMSIS\Include
  C:\Keil_v5\ARM\PACK\Keil\STM32F1xx_DFP\2.2.0\Device\Include

<h2>Collection of Component Files used:</h2>

   * Component: Keil::Device:Startup:1.0.0
      Include file:  RTE_Driver\Config\RTE_Device.h
      Source file:   Device\Source\ARM\STM32F1xx_OPT.s
      Source file:   Device\Source\ARM\startup_stm32f10x_md_vl.s
      Source file:   Device\Source\system_stm32f10x.c

   * Component: ARM::CMSIS:CORE:5.0.1
Build Time Elapsed:  00:00:02
</pre>
</body>
</html>
