<html>
<body>
<pre>
<h1>µVision Build Log</h1>
<h2>Tool Versions:</h2>
IDE-Version: µVision V5.21.1.0
Copyright (C) 2016 ARM Ltd and ARM Germany GmbH. All rights reserved.
License Information: Faculty of Engineering University of Regina Flex license: MDK-ARM Professional: 100 user(s) (mdk_pro) Operation stops: 1 Nov 2018
 
Tool Versions:
Toolchain:       MDK-ARM Professional: 100 user(s)  Version: 5.21a
Toolchain Path:  C:\Keil_v5\ARM\ARMCC\Bin
C Compiler:      Armcc.exe V5.06 update 3 (build 300)
Assembler:       Armasm.exe V5.06 update 3 (build 300)
Linker/Locator:  ArmLink.exe V5.06 update 3 (build 300)
Library Manager: ArmAr.exe V5.06 update 3 (build 300)
Hex Converter:   FromElf.exe V5.06 update 3 (build 300)
CPU DLL:         SARMCM3.DLL V5.21a
Dialog DLL:      DCM.DLL V1.13.8.0
Target DLL:      STLink\ST-LINKIII-KEIL_SWO.dll V2.0.18.0
Dialog DLL:      TCM.DLL V1.14.14.0
 
<h2>Project:</h2>
H:\ENEL\ENEL-387-Lab\Lab 7 - SPI\SPI.uvprojx
Project File Date:  03/07/2018

<h2>Output:</h2>
*** Using Compiler 'V5.06 update 3 (build 300)', folder: 'C:\Keil_v5\ARM\ARMCC\Bin'
Rebuild target 'Target 1'
assembling startup_stm32f10x_md_vl.s...
compiling spi.c...
spi.c(126): warning:  #1-D: last line of file ends without a newline
   }
spi.c: 1 warning, 0 errors
compiling GPIO_lib.c...
compiling system_stm32f10x.c...
compiling main.c...
I:\ENEL\ENEL-387-Lab\Libraries\LCD.h(39): warning:  #1-D: last line of file ends without a newline
   void lcdUpdateTimer(void);
I:\ENEL\ENEL-387-Lab\Lab 7 - SPI\spi.h(21): warning:  #1-D: last line of file ends without a newline
   uint16_t spiTransfer(uint16_t);
main.c(43): warning:  #111-D: statement is unreachable
  	return 0;
main.c(44): warning:  #1-D: last line of file ends without a newline
  }
main.c: 4 warnings, 0 errors
compiling LCD.c...
..\Libraries\LCD.c(192): warning:  #186-D: pointless comparison of unsigned integer with zero
  		 if(tempHex >= 0 && tempHex <= 9){
..\Libraries\LCD.c(204): warning:  #550-D: variable "writtenDecmial" was set but never used
  	 int writtenDecmial = 0;
..\Libraries\LCD.c(282): warning:  #1-D: last line of file ends without a newline
  }
..\Libraries\LCD.c: 3 warnings, 0 errors
linking...
Program Size: Code=1688 RO-data=304 RW-data=0 ZI-data=1632  
".\Objects\SPI.axf" - 0 Error(s), 8 Warning(s).

<h2>Software Packages used:</h2>

Package Vendor: ARM
                http://www.keil.com/pack/ARM.CMSIS.5.0.0-Beta12.pack
                ARM::CMSIS:CORE:5.0.0
                CMSIS (Cortex Microcontroller Software Interface Standard)
   * Component: CORE Version: 5.0.0

Package Vendor: Keil
                http://www.keil.com/pack/Keil.STM32F1xx_DFP.2.1.0.pack
                Keil::Device:Startup:1.0.0
                STMicroelectronics STM32F1 Series Device Support, Drivers and Examples
   * Component: Startup Version: 1.0.0

<h2>Collection of Component include folders:</h2>
  H:\ENEL\ENEL-387-Lab\Lab 7 - SPI\RTE
  H:\ENEL\ENEL-387-Lab\Lab 7 - SPI\RTE\Device\STM32F100RB
  C:\Keil_v5\ARM\PACK\ARM\CMSIS\5.0.0-Beta12\CMSIS\Include
  C:\Keil_v5\ARM\PACK\Keil\STM32F1xx_DFP\2.1.0\Device\Include

<h2>Collection of Component Files used:</h2>

   * Component: ARM::CMSIS:CORE:5.0.0

   * Component: Keil::Device:Startup:1.0.0
      Source file:   Device\Source\ARM\STM32F1xx_OPT.s
      Source file:   Device\Source\ARM\startup_stm32f10x_md_vl.s
      Source file:   Device\Source\system_stm32f10x.c
      Include file:  RTE_Driver\Config\RTE_Device.h
Build Time Elapsed:  00:00:02
</pre>
</body>
</html>
