Component: ARM Compiler 5.06 update 5 (build 528) Tool: armlink [4d35e2]

==============================================================================

Section Cross References

    gpio_lib.o(i.led_wigwag) refers to gpio_lib.o(i.delay) for delay
    lcd.o(i.checkDelay) refers to dflt_clz.o(x$fpl$dflt) for __aeabi_i2d
    lcd.o(i.checkDelay) refers to dmul.o(x$fpl$dmul) for __aeabi_dmul
    lcd.o(i.checkDelay) refers to lludivv7m.o(.text) for __aeabi_uldivmod
    lcd.o(i.checkDelay) refers to dfltll_clz.o(x$fpl$dfltull) for __aeabi_ul2d
    lcd.o(i.checkDelay) refers to drleqf.o(x$fpl$drleqf) for __aeabi_cdrcmple
    lcd.o(i.checkDelay) refers to dleqf.o(x$fpl$dleqf) for __aeabi_cdcmple
    lcd.o(i.checkDelay) refers to lcd.o(.bss) for t
    lcd.o(i.clearLCD) refers to lcd.o(i.sendCommand) for sendCommand
    lcd.o(i.decimalToLCD) refers to lcd.o(i.sendCommand) for sendCommand
    lcd.o(i.decimalToLCD) refers to dflt_clz.o(x$fpl$dflt) for __aeabi_i2d
    lcd.o(i.decimalToLCD) refers to pow.o(i.pow) for pow
    lcd.o(i.decimalToLCD) refers to ddiv.o(x$fpl$ddiv) for __aeabi_ddiv
    lcd.o(i.decimalToLCD) refers to floor.o(i.floor) for floor
    lcd.o(i.decimalToLCD) refers to drleqf.o(x$fpl$drleqf) for __aeabi_cdrcmple
    lcd.o(i.decimalToLCD) refers to lcd.o(i.writeLCD) for writeLCD
    lcd.o(i.decimalToLCD) refers to dfix.o(x$fpl$dfix) for __aeabi_d2iz
    lcd.o(i.decimalToLCD) refers to dmul.o(x$fpl$dmul) for __aeabi_dmul
    lcd.o(i.decimalToLCD) refers to daddsub_clz.o(x$fpl$dsub) for __aeabi_dsub
    lcd.o(i.getWindowPosition) refers to lcd.o(.bss) for t
    lcd.o(i.hexToLCD) refers to lcd.o(i.sendCommand) for sendCommand
    lcd.o(i.hexToLCD) refers to lcd.o(i.writeLCD) for writeLCD
    lcd.o(i.initLCD) refers to lcd.o(i.lcdInitTimer) for lcdInitTimer
    lcd.o(i.initLCD) refers to gpio_lib.o(i.delay) for delay
    lcd.o(i.initLCD) refers to lcd.o(i.sendCommand) for sendCommand
    lcd.o(i.initLCD) refers to lcd.o(.bss) for t
    lcd.o(i.intToLCD) refers to lcd.o(i.sendCommand) for sendCommand
    lcd.o(i.intToLCD) refers to lcd.o(i.writeLCD) for writeLCD
    lcd.o(i.lcdUpdateTimer) refers to lcd.o(i.lcdReadTimer) for lcdReadTimer
    lcd.o(i.lcdUpdateTimer) refers to lcd.o(.bss) for t
    lcd.o(i.resetTimer) refers to lcd.o(.bss) for t
    lcd.o(i.scrollLCD) refers to lcd.o(i.checkDelay) for checkDelay
    lcd.o(i.scrollLCD) refers to lcd.o(i.sendCommand) for sendCommand
    lcd.o(i.scrollLCD) refers to lcd.o(.bss) for t
    lcd.o(i.sendCommand) refers to gpio_lib.o(i.delay) for delay
    lcd.o(i.setScreenPosition) refers to lcd.o(i.sendCommand) for sendCommand
    lcd.o(i.setScreenPosition) refers to lcd.o(.bss) for t
    lcd.o(i.startScroll) refers to lcd.o(i.sendCommand) for sendCommand
    lcd.o(i.stopScroll) refers to lcd.o(i.sendCommand) for sendCommand
    lcd.o(i.stringToLCD) refers to strlen.o(.text) for strlen
    lcd.o(i.stringToLCD) refers to lcd.o(i.sendCommand) for sendCommand
    lcd.o(i.stringToLCD) refers to lcd.o(i.writeLCD) for writeLCD
    lcd.o(i.writeLCD) refers to gpio_lib.o(i.delay) for delay
    main.o(i.SysTick_Handler) refers to ps2.o(i.pollController) for pollController
    main.o(i.SysTick_Handler) refers to mp3trigger.o(i.startStop) for startStop
    main.o(i.SysTick_Handler) refers to lcd.o(i.clearLCD) for clearLCD
    main.o(i.SysTick_Handler) refers to rand.o(.emb_text) for rand
    main.o(i.SysTick_Handler) refers to mp3trigger.o(i.playTrack) for playTrack
    main.o(i.SysTick_Handler) refers to mp3trigger.o(i.nextTrack) for nextTrack
    main.o(i.SysTick_Handler) refers to lcd.o(i.resetTimer) for resetTimer
    main.o(i.SysTick_Handler) refers to lcd.o(i.setScreenPosition) for setScreenPosition
    main.o(i.SysTick_Handler) refers to main.o(i.printSongInformation) for printSongInformation
    main.o(i.SysTick_Handler) refers to mp3trigger.o(i.prevTrack) for prevTrack
    main.o(i.SysTick_Handler) refers to dflt_clz.o(x$fpl$dflt) for __aeabi_i2d
    main.o(i.SysTick_Handler) refers to daddsub_clz.o(x$fpl$drsb) for __aeabi_drsub
    main.o(i.SysTick_Handler) refers to dmul.o(x$fpl$dmul) for __aeabi_dmul
    main.o(i.SysTick_Handler) refers to d2f.o(x$fpl$d2f) for __aeabi_d2f
    main.o(i.SysTick_Handler) refers to ffix.o(x$fpl$ffix) for __aeabi_f2iz
    main.o(i.SysTick_Handler) refers to fflt_clz.o(x$fpl$fflt) for __aeabi_i2f
    main.o(i.SysTick_Handler) refers to fdiv.o(x$fpl$fdiv) for __aeabi_fdiv
    main.o(i.SysTick_Handler) refers to fmul.o(x$fpl$fmul) for __aeabi_fmul
    main.o(i.SysTick_Handler) refers to mp3trigger.o(i.setVolume) for setVolume
    main.o(i.SysTick_Handler) refers to main.o(.bss) for state
    main.o(i.SysTick_Handler) refers to main.o(.data) for play
    main.o(i.USART3_IRQHandler) refers to lcd.o(i.clearLCD) for clearLCD
    main.o(i.USART3_IRQHandler) refers to rand.o(.emb_text) for rand
    main.o(i.USART3_IRQHandler) refers to mp3trigger.o(i.playTrack) for playTrack
[...]
    libinit.o(.ARM.Collect$$libinit$$00000000) refers (Special) to libinit2.o(.ARM.Collect$$libinit$$0000000C) for __rt_lib_init_user_alloc_1
    retnan.o(x$fpl$retnan) refers (Special) to usenofp.o(x$fpl$usenofp) for __I$use$fp
    retnan.o(x$fpl$retnan) refers to trapv.o(x$fpl$trapveneer) for __fpl_cmpreturn
    sys_exit.o(.text) refers (Special) to use_no_semi.o(.text) for __I$use$semihosting
    sys_exit.o(.text) refers (Special) to indicate_semi.o(.text) for __semihosting_library_function
    rtexit.o(.ARM.Collect$$rtexit$$00000000) refers (Special) to rtexit2.o(.ARM.Collect$$rtexit$$00000004) for __rt_exit_exit
    rtexit.o(.ARM.Collect$$rtexit$$00000000) refers (Special) to rtexit2.o(.ARM.Collect$$rtexit$$00000003) for __rt_exit_ls
    rtexit.o(.ARM.Collect$$rtexit$$00000000) refers (Special) to rtexit2.o(.ARM.Collect$$rtexit$$00000002) for __rt_exit_prels_1
    rtexit.o(.ARM.exidx) refers (Special) to rtexit2.o(.ARM.Collect$$rtexit$$00000004) for __rt_exit_exit
    rtexit.o(.ARM.exidx) refers (Special) to rtexit2.o(.ARM.Collect$$rtexit$$00000003) for __rt_exit_ls
    rtexit.o(.ARM.exidx) refers (Special) to rtexit2.o(.ARM.Collect$$rtexit$$00000002) for __rt_exit_prels_1
    rtexit.o(.ARM.exidx) refers to rtexit.o(.ARM.Collect$$rtexit$$00000000) for .ARM.Collect$$rtexit$$00000000
    __raise.o(.text) refers to defsig.o(CL$$defsig) for __default_signal_handler
    defsig_general.o(.text) refers to sys_wrch.o(.text) for _ttywrch
    defsig_fpe_inner.o(.text) refers to defsig_general.o(.text) for __default_signal_display
    libshutdown2.o(.ARM.Collect$$libshutdown$$0000000D) refers (Weak) to term_alloc.o(.text) for _terminate_alloc
    trapv.o(x$fpl$trapveneer) refers (Special) to usenofp.o(x$fpl$usenofp) for __I$use$fp
    sys_wrch.o(.text) refers (Special) to use_no_semi.o(.text) for __I$use$semihosting
    sys_wrch.o(.text) refers (Special) to indicate_semi.o(.text) for __semihosting_library_function
    rtexit2.o(.ARM.Collect$$rtexit$$00000003) refers to libshutdown.o(.ARM.Collect$$libshutdown$$00000000) for __rt_lib_shutdown
    rtexit2.o(.ARM.Collect$$rtexit$$00000004) refers to sys_exit.o(.text) for _sys_exit
    rtexit2.o(.ARM.exidx) refers to rtexit2.o(.ARM.Collect$$rtexit$$00000001) for .ARM.Collect$$rtexit$$00000001
    rtexit2.o(.ARM.exidx) refers to rtexit2.o(.ARM.Collect$$rtexit$$00000003) for .ARM.Collect$$rtexit$$00000003
    rtexit2.o(.ARM.exidx) refers to rtexit2.o(.ARM.Collect$$rtexit$$00000004) for .ARM.Collect$$rtexit$$00000004
    defsig.o(CL$$defsig) refers to defsig_fpe_inner.o(.text) for __rt_SIGFPE_inner
    defsig.o(CL$$defsig) refers to defsig_rtmem_inner.o(.text) for __rt_SIGRTMEM_inner
    defsig_abrt_inner.o(.text) refers to defsig_general.o(.text) for __default_signal_display
    defsig_rtred_inner.o(.text) refers to defsig_general.o(.text) for __default_signal_display
    defsig_stak_inner.o(.text) refers to defsig_general.o(.text) for __default_signal_display
    defsig_pvfn_inner.o(.text) refers to defsig_general.o(.text) for __default_signal_display
    defsig_cppl_inner.o(.text) refers to defsig_general.o(.text) for __default_signal_display
    defsig_segv_inner.o(.text) refers to defsig_general.o(.text) for __default_signal_display
    defsig_other.o(.text) refers to defsig_general.o(.text) for __default_signal_display
    libshutdown.o(.ARM.Collect$$libshutdown$$00000000) refers (Special) to libshutdown2.o(.ARM.Collect$$libshutdown$$00000002) for __rt_lib_shutdown_cpp_1
    libshutdown.o(.ARM.Collect$$libshutdown$$00000000) refers (Special) to libshutdown2.o(.ARM.Collect$$libshutdown$$00000007) for __rt_lib_shutdown_fp_trap_1
    libshutdown.o(.ARM.Collect$$libshutdown$$00000000) refers (Special) to libshutdown2.o(.ARM.Collect$$libshutdown$$0000000F) for __rt_lib_shutdown_heap_1
    libshutdown.o(.ARM.Collect$$libshutdown$$00000000) refers (Special) to libshutdown2.o(.ARM.Collect$$libshutdown$$00000010) for __rt_lib_shutdown_return
    libshutdown.o(.ARM.Collect$$libshutdown$$00000000) refers (Special) to libshutdown2.o(.ARM.Collect$$libshutdown$$0000000A) for __rt_lib_shutdown_signal_1
    libshutdown.o(.ARM.Collect$$libshutdown$$00000000) refers (Special) to libshutdown2.o(.ARM.Collect$$libshutdown$$00000004) for __rt_lib_shutdown_stdio_1
    libshutdown.o(.ARM.Collect$$libshutdown$$00000000) refers (Special) to libshutdown2.o(.ARM.Collect$$libshutdown$$0000000C) for __rt_lib_shutdown_user_alloc_1


==============================================================================

Removing Unused input sections from the image.

    Removing gpio_lib.o(.rev16_text), (4 bytes).
    Removing gpio_lib.o(.revsh_text), (4 bytes).
    Removing gpio_lib.o(.rrx_text), (6 bytes).
    Removing gpio_lib.o(i.led_IO_init), (44 bytes).
    Removing gpio_lib.o(i.led_wigwag), (92 bytes).
    Removing gpio_lib.o(i.readSwitch), (132 bytes).
    Removing gpio_lib.o(i.setLED), (100 bytes).
    Removing lcd.o(.rev16_text), (4 bytes).
    Removing lcd.o(.revsh_text), (4 bytes).
    Removing lcd.o(.rrx_text), (6 bytes).
    Removing lcd.o(i.decimalToLCD), (296 bytes).
    Removing lcd.o(i.hexToLCD), (98 bytes).
    Removing lcd.o(i.startScroll), (10 bytes).
    Removing lcd.o(i.stopScroll), (10 bytes).
    Removing main.o(.rev16_text), (4 bytes).
    Removing main.o(.revsh_text), (4 bytes).
    Removing main.o(.rrx_text), (6 bytes).
    Removing mp3trigger.o(.rev16_text), (4 bytes).
    Removing mp3trigger.o(.revsh_text), (4 bytes).
    Removing mp3trigger.o(.rrx_text), (6 bytes).
    Removing mp3trigger.o(i.getNoTracks), (84 bytes).
    Removing ps2.o(.rev16_text), (4 bytes).
    Removing ps2.o(.revsh_text), (4 bytes).
    Removing ps2.o(.rrx_text), (6 bytes).
    Removing system_stm32f10x.o(.rev16_text), (4 bytes).
    Removing system_stm32f10x.o(.revsh_text), (4 bytes).
    Removing system_stm32f10x.o(.rrx_text), (6 bytes).
    Removing system_stm32f10x.o(i.SystemCoreClockUpdate), (160 bytes).
    Removing system_stm32f10x.o(.data), (20 bytes).

29 unused section(s) (total 1130 bytes) removed from the image.

==============================================================================

Image Symbol Table

    Local Symbols

    Symbol Name                              Value     Ov Type        Size  Object(Section)

    ../clib/angel/boardlib.s                 0x00000000   Number         0  boardinit1.o ABSOLUTE
    ../clib/angel/boardlib.s                 0x00000000   Number         0  boardinit2.o ABSOLUTE
    ../clib/angel/boardlib.s                 0x00000000   Number         0  boardinit3.o ABSOLUTE
    ../clib/angel/boardlib.s                 0x00000000   Number         0  boardshut.o ABSOLUTE
    ../clib/angel/handlers.s                 0x00000000   Number         0  __scatter_zi.o ABSOLUTE
    ../clib/angel/handlers.s                 0x00000000   Number         0  __scatter_copy.o ABSOLUTE
    ../clib/angel/kernel.s                   0x00000000   Number         0  __rtentry2.o ABSOLUTE
    ../clib/angel/kernel.s                   0x00000000   Number         0  rtexit.o ABSOLUTE
    ../clib/angel/kernel.s                   0x00000000   Number         0  __rtentry.o ABSOLUTE
    ../clib/angel/kernel.s                   0x00000000   Number         0  rtexit2.o ABSOLUTE
    ../clib/angel/kernel.s                   0x00000000   Number         0  __rtentry4.o ABSOLUTE
    ../clib/angel/rt.s                       0x00000000   Number         0  aeabi_ldiv0.o ABSOLUTE
    ../clib/angel/rt.s                       0x00000000   Number         0  aeabi_ldiv0_sigfpe.o ABSOLUTE
    ../clib/angel/rt.s                       0x00000000   Number         0  rt_heap_descriptor.o ABSOLUTE
    ../clib/angel/rt.s                       0x00000000   Number         0  rt_heap_descriptor_intlibspace.o ABSOLUTE
    ../clib/angel/rt.s                       0x00000000   Number         0  rt_div0.o ABSOLUTE
    ../clib/angel/rt.s                       0x00000000   Number         0  rt_errno_addr.o ABSOLUTE
    ../clib/angel/rt.s                       0x00000000   Number         0  rt_errno_addr_intlibspace.o ABSOLUTE
    ../clib/angel/rt.s                       0x00000000   Number         0  rt_raise.o ABSOLUTE
    ../clib/angel/scatter.s                  0x00000000   Number         0  __scatter.o ABSOLUTE
    ../clib/angel/startup.s                  0x00000000   Number         0  __main.o ABSOLUTE
    ../clib/angel/sys.s                      0x00000000   Number         0  libspace.o ABSOLUTE
    ../clib/angel/sys.s                      0x00000000   Number         0  mutex_dummy.o ABSOLUTE
    ../clib/angel/sys.s                      0x00000000   Number         0  sys_stackheap_outer.o ABSOLUTE
    ../clib/angel/sys.s                      0x00000000   Number         0  indicate_semi.o ABSOLUTE
    ../clib/angel/sys.s                      0x00000000   Number         0  use_no_semi.o ABSOLUTE
    ../clib/angel/sysapp.c                   0x00000000   Number         0  sys_command.o ABSOLUTE
    ../clib/angel/sysapp.c                   0x00000000   Number         0  sys_exit.o ABSOLUTE
    ../clib/angel/sysapp.c                   0x00000000   Number         0  sys_wrch.o ABSOLUTE
    ../clib/armsys.c                         0x00000000   Number         0  _get_argv.o ABSOLUTE
    ../clib/armsys.c                         0x00000000   Number         0  _get_argv_nomalloc.o ABSOLUTE
    ../clib/armsys.c                         0x00000000   Number         0  no_argv.o ABSOLUTE
    ../clib/armsys.c                         0x00000000   Number         0  argv_veneer.o ABSOLUTE
    ../clib/armsys.c                         0x00000000   Number         0  argv_veneer.o ABSOLUTE
    ../clib/fenv.c                           0x00000000   Number         0  _rserrno.o ABSOLUTE
    ../clib/heap1.c                          0x00000000   Number         0  h1_extend.o ABSOLUTE
    ../clib/heap1.c                          0x00000000   Number         0  h1_alloc_mt.o ABSOLUTE
    ../clib/heap1.c                          0x00000000   Number         0  h1_final_mt.o ABSOLUTE
    ../clib/heap1.c                          0x00000000   Number         0  h1_final.o ABSOLUTE
    ../clib/heap1.c                          0x00000000   Number         0  h1_init.o ABSOLUTE
    ../clib/heap1.c                          0x00000000   Number         0  h1_free_mt.o ABSOLUTE
    ../clib/heap1.c                          0x00000000   Number         0  h1_extend_mt.o ABSOLUTE
    ../clib/heap1.c                          0x00000000   Number         0  h1_init_mt.o ABSOLUTE
    ../clib/heap1.c                          0x00000000   Number         0  h1_free.o ABSOLUTE
    ../clib/heap1.c                          0x00000000   Number         0  h1_alloc.o ABSOLUTE
    ../clib/heap2.c                          0x00000000   Number         0  heap2mt.o ABSOLUTE
    ../clib/heap2.c                          0x00000000   Number         0  fdtree.o ABSOLUTE
    ../clib/heap2.c                          0x00000000   Number         0  heap2.o ABSOLUTE
    ../clib/heapalloc.c                      0x00000000   Number         0  maybetermalloc1.o ABSOLUTE
    ../clib/heapalloc.c                      0x00000000   Number         0  maybetermalloc1.o ABSOLUTE
    ../clib/heapalloc.c                      0x00000000   Number         0  maybetermalloc2.o ABSOLUTE
    ../clib/heapalloc.c                      0x00000000   Number         0  maybetermalloc2.o ABSOLUTE
    ../clib/heapalloc.c                      0x00000000   Number         0  term_alloc.o ABSOLUTE
    ../clib/heapalloc.c                      0x00000000   Number         0  heapstubs.o ABSOLUTE
    ../clib/heapalloc.c                      0x00000000   Number         0  hrguard.o ABSOLUTE
    ../clib/heapalloc.c                      0x00000000   Number         0  init_alloc.o ABSOLUTE
    ../clib/heapalloc.c                      0x00000000   Number         0  malloc.o ABSOLUTE
    ../clib/heapalloc.c                      0x00000000   Number         0  free.o ABSOLUTE
    ../clib/heapalloc.c                      0x00000000   Number         0  hguard.o ABSOLUTE
    ../clib/heapaux.c                        0x00000000   Number         0  heapauxi.o ABSOLUTE
    ../clib/heapaux.c                        0x00000000   Number         0  heapauxa.o ABSOLUTE
    ../clib/libinit.s                        0x00000000   Number         0  libshutdown2.o ABSOLUTE
    ../clib/libinit.s                        0x00000000   Number         0  libinit2.o ABSOLUTE
    ../clib/libinit.s                        0x00000000   Number         0  libshutdown.o ABSOLUTE
    ../clib/libinit.s                        0x00000000   Number         0  libinit.o ABSOLUTE
    ../clib/longlong.s                       0x00000000   Number         0  lludivv7m.o ABSOLUTE
    ../clib/memcpset.s                       0x00000000   Number         0  rt_memcpy_w.o ABSOLUTE
    ../clib/memcpset.s                       0x00000000   Number         0  aeabi_memset.o ABSOLUTE
    ../clib/memcpset.s                       0x00000000   Number         0  strncpy.o ABSOLUTE
    ../clib/memcpset.s                       0x00000000   Number         0  rt_memclr_w.o ABSOLUTE
    ../clib/memcpset.s                       0x00000000   Number         0  rt_memclr.o ABSOLUTE
    ../clib/printf.c                         0x00000000   Number         0  _printf_char_common.o ABSOLUTE
    ../clib/printf.c                         0x00000000   Number         0  _printf_intcommon.o ABSOLUTE
    ../clib/printf.c                         0x00000000   Number         0  noretval__2sprintf.o ABSOLUTE
    ../clib/printf.c                         0x00000000   Number         0  __printf_nopercent.o ABSOLUTE
    ../clib/printf.c                         0x00000000   Number         0  __2sprintf.o ABSOLUTE
    ../clib/printf.c                         0x00000000   Number         0  __printf.o ABSOLUTE
    ../clib/printf.c                         0x00000000   Number         0  _printf_dec.o ABSOLUTE
    ../clib/printf.c                         0x00000000   Number         0  __printf_flags.o ABSOLUTE
    ../clib/printf.c                         0x00000000   Number         0  __printf_ss.o ABSOLUTE
    ../clib/printf.c                         0x00000000   Number         0  __printf_flags_ss.o ABSOLUTE
    ../clib/printf.c                         0x00000000   Number         0  __printf_wp.o ABSOLUTE
    ../clib/printf.c                         0x00000000   Number         0  __printf_flags_wp.o ABSOLUTE
    ../clib/printf.c                         0x00000000   Number         0  __printf_ss_wp.o ABSOLUTE
    ../clib/printf.c                         0x00000000   Number         0  __printf_flags_ss_wp.o ABSOLUTE
    ../clib/printf.c                         0x00000000   Number         0  _sputc.o ABSOLUTE
    ../clib/printf_percent.s                 0x00000000   Number         0  _printf_i.o ABSOLUTE
    ../clib/printf_percent.s                 0x00000000   Number         0  _printf_percent.o ABSOLUTE
    ../clib/printf_percent.s                 0x00000000   Number         0  _printf_percent_end.o ABSOLUTE
    ../clib/signal.c                         0x00000000   Number         0  defsig_rtmem_formal.o ABSOLUTE
    ../clib/signal.c                         0x00000000   Number         0  defsig_segv_inner.o ABSOLUTE
    ../clib/signal.c                         0x00000000   Number         0  defsig_exit.o ABSOLUTE
    ../clib/signal.c                         0x00000000   Number         0  defsig_rtmem_outer.o ABSOLUTE
    ../clib/signal.c                         0x00000000   Number         0  defsig_fpe_formal.o ABSOLUTE
    ../clib/signal.c                         0x00000000   Number         0  defsig_rtmem_inner.o ABSOLUTE
    ../clib/signal.c                         0x00000000   Number         0  defsig_fpe_outer.o ABSOLUTE
    ../clib/signal.c                         0x00000000   Number         0  __raise.o ABSOLUTE
    ../clib/signal.c                         0x00000000   Number         0  defsig_general.o ABSOLUTE
    ../clib/signal.c                         0x00000000   Number         0  defsig_fpe_inner.o ABSOLUTE
    ../clib/signal.c                         0x00000000   Number         0  defsig_other.o ABSOLUTE
    ../clib/signal.c                         0x00000000   Number         0  defsig_abrt_inner.o ABSOLUTE
    ../clib/signal.c                         0x00000000   Number         0  defsig_rtred_inner.o ABSOLUTE
    ../clib/signal.c                         0x00000000   Number         0  defsig_stak_inner.o ABSOLUTE
    ../clib/signal.c                         0x00000000   Number         0  defsig_pvfn_inner.o ABSOLUTE
    ../clib/signal.c                         0x00000000   Number         0  defsig_cppl_inner.o ABSOLUTE
    ../clib/signal.s                         0x00000000   Number         0  defsig.o ABSOLUTE
    ../clib/stdlib.c                         0x00000000   Number         0  exit.o ABSOLUTE
    ../clib/stdlib.c                         0x00000000   Number         0  rand.o ABSOLUTE
    ../clib/stdlib.c                         0x00000000   Number         0  rand.o ABSOLUTE
    ../clib/string.c                         0x00000000   Number         0  strlen.o ABSOLUTE
    ../clib/string.c                         0x00000000   Number         0  strcat.o ABSOLUTE
    ../fplib/d2f.s                           0x00000000   Number         0  d2f.o ABSOLUTE
    ../fplib/daddsub.s                       0x00000000   Number         0  daddsub_clz.o ABSOLUTE
    ../fplib/dcheck1.s                       0x00000000   Number         0  dcheck1.o ABSOLUTE
    ../fplib/dcmpi.s                         0x00000000   Number         0  dcmpi.o ABSOLUTE
    ../fplib/ddiv.s                          0x00000000   Number         0  ddiv.o ABSOLUTE
    ../fplib/dfix.s                          0x00000000   Number         0  dfix.o ABSOLUTE
    ../fplib/dflt.s                          0x00000000   Number         0  dflt_clz.o ABSOLUTE
    ../fplib/dfltll.s                        0x00000000   Number         0  dfltll_clz.o ABSOLUTE
    ../fplib/dleqf.s                         0x00000000   Number         0  dleqf.o ABSOLUTE
    ../fplib/dmul.s                          0x00000000   Number         0  dmul.o ABSOLUTE
    ../fplib/dnaninf.s                       0x00000000   Number         0  dnaninf.o ABSOLUTE
    ../fplib/dretinf.s                       0x00000000   Number         0  dretinf.o ABSOLUTE
    ../fplib/drleqf.s                        0x00000000   Number         0  drleqf.o ABSOLUTE
    ../fplib/dsqrt.s                         0x00000000   Number         0  dsqrt_noumaal.o ABSOLUTE
    ../fplib/fdiv.s                          0x00000000   Number         0  fdiv.o ABSOLUTE
    ../fplib/ffix.s                          0x00000000   Number         0  ffix.o ABSOLUTE
    ../fplib/fflt.s                          0x00000000   Number         0  fflt_clz.o ABSOLUTE
    ../fplib/fmul.s                          0x00000000   Number         0  fmul.o ABSOLUTE
    ../fplib/fnaninf.s                       0x00000000   Number         0  fnaninf.o ABSOLUTE
    ../fplib/fpinit.s                        0x00000000   Number         0  fpinit.o ABSOLUTE
    ../fplib/fretinf.s                       0x00000000   Number         0  fretinf.o ABSOLUTE
    ../fplib/retnan.s                        0x00000000   Number         0  retnan.o ABSOLUTE
    ../fplib/scalbn.s                        0x00000000   Number         0  scalbn.o ABSOLUTE
    ../fplib/trapv.s                         0x00000000   Number         0  trapv.o ABSOLUTE
    ../fplib/usenofp.s                       0x00000000   Number         0  usenofp.o ABSOLUTE
    ../mathlib/dunder.c                      0x00000000   Number         0  dunder.o ABSOLUTE
    ../mathlib/floor.c                       0x00000000   Number         0  floor.o ABSOLUTE
    ../mathlib/fpclassify.c                  0x00000000   Number         0  fpclassify.o ABSOLUTE
    ../mathlib/poly.c                        0x00000000   Number         0  poly.o ABSOLUTE
    ../mathlib/pow.c                         0x00000000   Number         0  pow_x.o ABSOLUTE
    ../mathlib/pow.c                         0x00000000   Number         0  pow.o ABSOLUTE
    ../mathlib/qnan.c                        0x00000000   Number         0  qnan.o ABSOLUTE
    ../mathlib/sqrt.c                        0x00000000   Number         0  sqrt.o ABSOLUTE
    ../mathlib/sqrt.c                        0x00000000   Number         0  sqrt_x.o ABSOLUTE
    ..\Libraries\GPIO_lib.c                  0x00000000   Number         0  gpio_lib.o ABSOLUTE
    ..\Libraries\LCD.c                       0x00000000   Number         0  lcd.o ABSOLUTE
    ..\\Libraries\\GPIO_lib.c                0x00000000   Number         0  gpio_lib.o ABSOLUTE
    ..\\Libraries\\LCD.c                     0x00000000   Number         0  lcd.o ABSOLUTE
    MP3Trigger.c                             0x00000000   Number         0  mp3trigger.o ABSOLUTE
    MP3Trigger.c                             0x00000000   Number         0  mp3trigger.o ABSOLUTE
    PS2.c                                    0x00000000   Number         0  ps2.o ABSOLUTE
    PS2.c                                    0x00000000   Number         0  ps2.o ABSOLUTE
    RTE\Device\STM32F100RB\startup_stm32f10x_md_vl.s 0x00000000   Number         0  startup_stm32f10x_md_vl.o ABSOLUTE
    RTE\Device\STM32F100RB\system_stm32f10x.c 0x00000000   Number         0  system_stm32f10x.o ABSOLUTE
    RTE\\Device\\STM32F100RB\\system_stm32f10x.c 0x00000000   Number         0  system_stm32f10x.o ABSOLUTE
    dc.s                                     0x00000000   Number         0  dc.o ABSOLUTE
    main.c                                   0x00000000   Number         0  main.o ABSOLUTE
    main.c                                   0x00000000   Number         0  main.o ABSOLUTE
    RESET                                    0x08000000   Section      288  startup_stm32f10x_md_vl.o(RESET)
    !!!main                                  0x08000120   Section        8  __main.o(!!!main)
    !!!scatter                               0x08000128   Section       52  __scatter.o(!!!scatter)
    !!handler_copy                           0x0800015c   Section       26  __scatter_copy.o(!!handler_copy)
    !!handler_zi                             0x08000178   Section       28  __scatter_zi.o(!!handler_zi)
    .ARM.Collect$$_printf_percent$$00000000  0x08000194   Section        0  _printf_percent.o(.ARM.Collect$$_printf_percent$$00000000)
    .ARM.Collect$$_printf_percent$$00000008  0x08000194   Section        6  _printf_i.o(.ARM.Collect$$_printf_percent$$00000008)
    .ARM.Collect$$_printf_percent$$00000017  0x0800019a   Section        4  _printf_percent_end.o(.ARM.Collect$$_printf_percent$$00000017)
    .ARM.Collect$$libinit$$00000000          0x0800019e   Section        2  libinit.o(.ARM.Collect$$libinit$$00000000)
    .ARM.Collect$$libinit$$00000002          0x080001a0   Section        0  libinit2.o(.ARM.Collect$$libinit$$00000002)
    .ARM.Collect$$libinit$$00000004          0x080001a0   Section        0  libinit2.o(.ARM.Collect$$libinit$$00000004)
    .ARM.Collect$$libinit$$00000005          0x080001a0   Section        8  libinit2.o(.ARM.Collect$$libinit$$00000005)
    .ARM.Collect$$libinit$$0000000A          0x080001a8   Section        0  libinit2.o(.ARM.Collect$$libinit$$0000000A)
    .ARM.Collect$$libinit$$0000000C          0x080001a8   Section        0  libinit2.o(.ARM.Collect$$libinit$$0000000C)
    .ARM.Collect$$libinit$$0000000D          0x080001a8   Section        4  libinit2.o(.ARM.Collect$$libinit$$0000000D)
    .ARM.Collect$$libinit$$0000000E          0x080001ac   Section        0  libinit2.o(.ARM.Collect$$libinit$$0000000E)
    .ARM.Collect$$libinit$$00000011          0x080001ac   Section        0  libinit2.o(.ARM.Collect$$libinit$$00000011)
    .ARM.Collect$$libinit$$00000013          0x080001ac   Section        0  libinit2.o(.ARM.Collect$$libinit$$00000013)
    .ARM.Collect$$libinit$$00000015          0x080001ac   Section        0  libinit2.o(.ARM.Collect$$libinit$$00000015)
    .ARM.Collect$$libinit$$00000017          0x080001ac   Section        0  libinit2.o(.ARM.Collect$$libinit$$00000017)
    .ARM.Collect$$libinit$$00000019          0x080001ac   Section        0  libinit2.o(.ARM.Collect$$libinit$$00000019)
    .ARM.Collect$$libinit$$0000001B          0x080001ac   Section        0  libinit2.o(.ARM.Collect$$libinit$$0000001B)
    .ARM.Collect$$libinit$$0000001D          0x080001ac   Section        0  libinit2.o(.ARM.Collect$$libinit$$0000001D)
    .ARM.Collect$$libinit$$0000001F          0x080001ac   Section        0  libinit2.o(.ARM.Collect$$libinit$$0000001F)
    .ARM.Collect$$libinit$$00000021          0x080001ac   Section        0  libinit2.o(.ARM.Collect$$libinit$$00000021)
    .ARM.Collect$$libinit$$00000023          0x080001ac   Section        0  libinit2.o(.ARM.Collect$$libinit$$00000023)
    .ARM.Collect$$libinit$$00000025          0x080001ac   Section        0  libinit2.o(.ARM.Collect$$libinit$$00000025)
    .ARM.Collect$$libinit$$0000002C          0x080001ac   Section        0  libinit2.o(.ARM.Collect$$libinit$$0000002C)
    .ARM.Collect$$libinit$$0000002E          0x080001ac   Section        0  libinit2.o(.ARM.Collect$$libinit$$0000002E)
    .ARM.Collect$$libinit$$00000030          0x080001ac   Section        0  libinit2.o(.ARM.Collect$$libinit$$00000030)
    .ARM.Collect$$libinit$$00000032          0x080001ac   Section        0  libinit2.o(.ARM.Collect$$libinit$$00000032)
    .ARM.Collect$$libinit$$00000033          0x080001ac   Section        2  libinit2.o(.ARM.Collect$$libinit$$00000033)
    .ARM.Collect$$libshutdown$$00000000      0x080001ae   Section        2  libshutdown.o(.ARM.Collect$$libshutdown$$00000000)
    .ARM.Collect$$libshutdown$$00000002      0x080001b0   Section        0  libshutdown2.o(.ARM.Collect$$libshutdown$$00000002)
    .ARM.Collect$$libshutdown$$00000004      0x080001b0   Section        0  libshutdown2.o(.ARM.Collect$$libshutdown$$00000004)
    .ARM.Collect$$libshutdown$$00000007      0x080001b0   Section        0  libshutdown2.o(.ARM.Collect$$libshutdown$$00000007)
    .ARM.Collect$$libshutdown$$0000000A      0x080001b0   Section        0  libshutdown2.o(.ARM.Collect$$libshutdown$$0000000A)
    .ARM.Collect$$libshutdown$$0000000C      0x080001b0   Section        0  libshutdown2.o(.ARM.Collect$$libshutdown$$0000000C)
    .ARM.Collect$$libshutdown$$0000000F      0x080001b0   Section        0  libshutdown2.o(.ARM.Collect$$libshutdown$$0000000F)
    .ARM.Collect$$libshutdown$$00000010      0x080001b0   Section        2  libshutdown2.o(.ARM.Collect$$libshutdown$$00000010)
    .ARM.Collect$$rtentry$$00000000          0x080001b2   Section        0  __rtentry.o(.ARM.Collect$$rtentry$$00000000)
    .ARM.Collect$$rtentry$$00000002          0x080001b2   Section        0  __rtentry2.o(.ARM.Collect$$rtentry$$00000002)
    .ARM.Collect$$rtentry$$00000004          0x080001b2   Section        6  __rtentry4.o(.ARM.Collect$$rtentry$$00000004)
    .ARM.Collect$$rtentry$$00000009          0x080001b8   Section        0  __rtentry2.o(.ARM.Collect$$rtentry$$00000009)
    .ARM.Collect$$rtentry$$0000000A          0x080001b8   Section        4  __rtentry2.o(.ARM.Collect$$rtentry$$0000000A)
    .ARM.Collect$$rtentry$$0000000C          0x080001bc   Section        0  __rtentry2.o(.ARM.Collect$$rtentry$$0000000C)
    .ARM.Collect$$rtentry$$0000000D          0x080001bc   Section        8  __rtentry2.o(.ARM.Collect$$rtentry$$0000000D)
    .ARM.Collect$$rtexit$$00000000           0x080001c4   Section        2  rtexit.o(.ARM.Collect$$rtexit$$00000000)
    .ARM.Collect$$rtexit$$00000002           0x080001c6   Section        0  rtexit2.o(.ARM.Collect$$rtexit$$00000002)
    .ARM.Collect$$rtexit$$00000003           0x080001c6   Section        4  rtexit2.o(.ARM.Collect$$rtexit$$00000003)
    .ARM.Collect$$rtexit$$00000004           0x080001ca   Section        6  rtexit2.o(.ARM.Collect$$rtexit$$00000004)
    .emb_text                                0x080001d0   Section       52  rand.o(.emb_text)
    .emb_text                                0x08000204   Section        0  maybetermalloc1.o(.emb_text)
    .text                                    0x08000204   Section       64  startup_stm32f10x_md_vl.o(.text)
    .text                                    0x08000244   Section        0  h1_alloc.o(.text)
    .text                                    0x080002a2   Section        0  h1_free.o(.text)
    .text                                    0x080002f0   Section      238  lludivv7m.o(.text)
    .text                                    0x080003e0   Section        0  noretval__2sprintf.o(.text)
    .text                                    0x08000408   Section        0  __printf.o(.text)
    .text                                    0x08000470   Section        0  _printf_dec.o(.text)
    .text                                    0x080004e8   Section        0  rand.o(.text)
    .text                                    0x08000524   Section        0  strlen.o(.text)
    .text                                    0x08000562   Section        0  strcat.o(.text)
    .text                                    0x0800057a   Section       16  aeabi_memset.o(.text)
    .text                                    0x0800058a   Section       86  strncpy.o(.text)
    .text                                    0x080005e0   Section        0  heapauxi.o(.text)
    .text                                    0x080005e8   Section        8  rt_heap_descriptor_intlibspace.o(.text)
    .text                                    0x080005f0   Section        0  hguard.o(.text)
    .text                                    0x080005f4   Section        0  init_alloc.o(.text)
    .text                                    0x0800067e   Section        0  h1_init.o(.text)
    .text                                    0x0800068c   Section        0  _printf_intcommon.o(.text)
    .text                                    0x08000740   Section        0  _printf_char_common.o(.text)
    _printf_input_char                       0x08000741   Thumb Code    10  _printf_char_common.o(.text)
    .text                                    0x08000770   Section        0  _sputc.o(.text)
    .text                                    0x0800077a   Section       68  rt_memclr.o(.text)
    .text                                    0x080007c0   Section        8  libspace.o(.text)
    .text                                    0x080007c8   Section        0  h1_extend.o(.text)
    .text                                    0x080007fc   Section        0  defsig_rtmem_outer.o(.text)
    .text                                    0x0800080a   Section       78  rt_memclr_w.o(.text)
    .text                                    0x08000858   Section        2  use_no_semi.o(.text)
    .text                                    0x0800085a   Section        0  indicate_semi.o(.text)
    .text                                    0x0800085a   Section       74  sys_stackheap_outer.o(.text)
    .text                                    0x080008a4   Section        0  exit.o(.text)
    .text                                    0x080008b6   Section        0  defsig_exit.o(.text)
    .text                                    0x080008c0   Section        0  defsig_rtmem_inner.o(.text)
    .text                                    0x08000910   Section        0  sys_exit.o(.text)
    .text                                    0x0800091c   Section        0  defsig_general.o(.text)
    .text                                    0x0800094e   Section        0  sys_wrch.o(.text)
    i.PS2Init                                0x0800095c   Section        0  ps2.o(i.PS2Init)
    i.SetSysClock                            0x08000b64   Section        0  system_stm32f10x.o(i.SetSysClock)
    SetSysClock                              0x08000b65   Thumb Code     8  system_stm32f10x.o(i.SetSysClock)
    i.SetSysClockTo24                        0x08000b6c   Section        0  system_stm32f10x.o(i.SetSysClockTo24)
    SetSysClockTo24                          0x08000b6d   Thumb Code   178  system_stm32f10x.o(i.SetSysClockTo24)
    i.SysTick_Handler                        0x08000c24   Section        0  main.o(i.SysTick_Handler)
    i.SystemInit                             0x08000e50   Section        0  system_stm32f10x.o(i.SystemInit)
    i.USART3_IRQHandler                      0x08000eb4   Section        0  main.o(i.USART3_IRQHandler)
    i.checkDelay                             0x08000f40   Section        0  lcd.o(i.checkDelay)
    i.clearLCD                               0x08001010   Section        0  lcd.o(i.clearLCD)
    i.clockInit                              0x0800101c   Section        0  gpio_lib.o(i.clockInit)
    i.delay                                  0x08001048   Section        0  gpio_lib.o(i.delay)
    i.getTrackNumber                         0x08001058   Section        0  mp3trigger.o(i.getTrackNumber)
    i.getWindowPosition                      0x08001064   Section        0  lcd.o(i.getWindowPosition)
    i.initLCD                                0x08001070   Section        0  lcd.o(i.initLCD)
    i.initMP3Trigger                         0x08001124   Section        0  mp3trigger.o(i.initMP3Trigger)
    i.intToLCD                               0x080011fc   Section        0  lcd.o(i.intToLCD)
    i.lcdInitTimer                           0x08001450   Section        0  lcd.o(i.lcdInitTimer)
    i.lcdReadTimer                           0x08001484   Section        0  lcd.o(i.lcdReadTimer)
    i.lcdUpdateTimer                         0x08001490   Section        0  lcd.o(i.lcdUpdateTimer)
    i.main                                   0x080014b0   Section        0  main.o(i.main)
    i.nextTrack                              0x08001534   Section        0  mp3trigger.o(i.nextTrack)
    i.playTrack                              0x08001564   Section        0  mp3trigger.o(i.playTrack)
    i.pollController                         0x080015b8   Section        0  ps2.o(i.pollController)
    i.portClockInit                          0x08001680   Section        0  gpio_lib.o(i.portClockInit)
    i.portInit                               0x080016a8   Section        0  gpio_lib.o(i.portInit)
    i.prevTrack                              0x080016b8   Section        0  mp3trigger.o(i.prevTrack)
    i.printSongInformation                   0x080016e8   Section        0  main.o(i.printSongInformation)
    i.readWrite                              0x08001770   Section        0  ps2.o(i.readWrite)
    i.resetTimer                             0x080017a4   Section        0  lcd.o(i.resetTimer)
    i.scrollLCD                              0x080017c0   Section        0  lcd.o(i.scrollLCD)
    i.sendCommand                            0x0800181c   Section        0  lcd.o(i.sendCommand)
    i.setScreenPosition                      0x08001858   Section        0  lcd.o(i.setScreenPosition)
    i.setVolume                              0x08001894   Section        0  mp3trigger.o(i.setVolume)
    i.startStop                              0x080018e0   Section        0  mp3trigger.o(i.startStop)
    i.stringToLCD                            0x0800190c   Section        0  lcd.o(i.stringToLCD)
    i.updateSongInformation                  0x08001954   Section        0  main.o(i.updateSongInformation)
    i.updateVolumeInformation                0x08001a44   Section        0  main.o(i.updateVolumeInformation)
    i.writeLCD                               0x08001ba8   Section        0  lcd.o(i.writeLCD)
    x$fpl$d2f                                0x08001bf0   Section       98  d2f.o(x$fpl$d2f)
    x$fpl$dadd                               0x08001c54   Section      336  daddsub_clz.o(x$fpl$dadd)
    _dadd1                                   0x08001c65   Thumb Code     0  daddsub_clz.o(x$fpl$dadd)
    x$fpl$dcmpinf                            0x08001da4   Section       24  dcmpi.o(x$fpl$dcmpinf)
    x$fpl$ddiv                               0x08001dbc   Section      688  ddiv.o(x$fpl$ddiv)
    ddiv_entry                               0x08001dc3   Thumb Code     0  ddiv.o(x$fpl$ddiv)
    x$fpl$dfix                               0x0800206c   Section       94  dfix.o(x$fpl$dfix)
    x$fpl$dflt                               0x080020ca   Section       46  dflt_clz.o(x$fpl$dflt)
    x$fpl$dfltull                            0x080020f8   Section      138  dfltll_clz.o(x$fpl$dfltull)
    x$fpl$dleqf                              0x08002184   Section      120  dleqf.o(x$fpl$dleqf)
    x$fpl$dmul                               0x080021fc   Section      340  dmul.o(x$fpl$dmul)
    x$fpl$dnaninf                            0x08002350   Section      156  dnaninf.o(x$fpl$dnaninf)
    x$fpl$dretinf                            0x080023ec   Section       12  dretinf.o(x$fpl$dretinf)
    x$fpl$drleqf                             0x080023f8   Section      108  drleqf.o(x$fpl$drleqf)
    x$fpl$drsb                               0x08002464   Section       22  daddsub_clz.o(x$fpl$drsb)
    x$fpl$dsub                               0x0800247c   Section      468  daddsub_clz.o(x$fpl$dsub)
    _dsub1                                   0x0800248d   Thumb Code     0  daddsub_clz.o(x$fpl$dsub)
    x$fpl$fdiv                               0x08002650   Section      388  fdiv.o(x$fpl$fdiv)
    _fdiv1                                   0x08002651   Thumb Code     0  fdiv.o(x$fpl$fdiv)
    x$fpl$ffix                               0x080027d4   Section       54  ffix.o(x$fpl$ffix)
    x$fpl$fflt                               0x0800280c   Section       48  fflt_clz.o(x$fpl$fflt)
    x$fpl$fmul                               0x0800283c   Section      258  fmul.o(x$fpl$fmul)
    x$fpl$fnaninf                            0x0800293e   Section      140  fnaninf.o(x$fpl$fnaninf)
    x$fpl$fretinf                            0x080029ca   Section       10  fretinf.o(x$fpl$fretinf)
    .conststring                             0x080029d4   Section     1005  main.o(.conststring)
    x$fpl$usenofp                            0x080029d4   Section        0  usenofp.o(x$fpl$usenofp)
    .data                                    0x20000000   Section      164  main.o(.data)
    .data                                    0x200000a4   Section        8  mp3trigger.o(.data)
    .data                                    0x200000ac   Section        6  ps2.o(.data)
    ret                                      0x200000ac   Data           6  ps2.o(.data)
    .bss                                     0x200000b8   Section       24  lcd.o(.bss)
    .bss                                     0x200000d0   Section       40  main.o(.bss)
    .bss                                     0x200000f8   Section      228  rand.o(.bss)
    .bss                                     0x200001dc   Section       96  libspace.o(.bss)
    HEAP                                     0x20000240   Section      512  startup_stm32f10x_md_vl.o(HEAP)
    Heap_Mem                                 0x20000240   Data         512  startup_stm32f10x_md_vl.o(HEAP)
    STACK                                    0x20000440   Section     1024  startup_stm32f10x_md_vl.o(STACK)
    Stack_Mem                                0x20000440   Data        1024  startup_stm32f10x_md_vl.o(STACK)
    __initial_sp                             0x20000840   Data           0  startup_stm32f10x_md_vl.o(STACK)

    Global Symbols

    Symbol Name                              Value     Ov Type        Size  Object(Section)

    BuildAttributes$$THM_ISAv4$P$D$K$B$S$PE$A:L22UL41UL21$X:L11$S22US41US21$IEEE1$IW$USESV6$~STKCKD$USESV7$~SHL$OTIME$ROPI$IEEEX$EBA8$UX$STANDARDLIB$REQ8$PRES8$EABIv2 0x00000000   Number         0  anon$$obj.o ABSOLUTE
    __ARM_use_no_argv                        0x00000000   Number         0  main.o ABSOLUTE
    __ARM_exceptions_init                     - Undefined Weak Reference
    __alloca_initialize                       - Undefined Weak Reference
    __arm_preinit_                            - Undefined Weak Reference
    __cpp_initialize__aeabi_                  - Undefined Weak Reference
    __cxa_finalize                            - Undefined Weak Reference
    __rt_locale                               - Undefined Weak Reference
    __sigvec_lookup                           - Undefined Weak Reference
    __user_heap_extent                        - Undefined Weak Reference
    _atexit_init                              - Undefined Weak Reference
    _call_atexit_fns                          - Undefined Weak Reference
    _clock_init                               - Undefined Weak Reference
    _fp_trap_init                             - Undefined Weak Reference
    _fp_trap_shutdown                         - Undefined Weak Reference
    _get_lc_collate                           - Undefined Weak Reference
    _get_lc_ctype                             - Undefined Weak Reference
    _get_lc_monetary                          - Undefined Weak Reference
    _get_lc_numeric                           - Undefined Weak Reference
    _get_lc_time                              - Undefined Weak Reference
    _getenv_init                              - Undefined Weak Reference
    _handle_redirection                       - Undefined Weak Reference
    _initio                                   - Undefined Weak Reference
    _mutex_acquire                            - Undefined Weak Reference
    _mutex_free                               - Undefined Weak Reference
    _mutex_release                            - Undefined Weak Reference
    _printf_post_padding                      - Undefined Weak Reference
    _printf_pre_padding                       - Undefined Weak Reference
    _printf_truncate_signed                   - Undefined Weak Reference
    _printf_truncate_unsigned                 - Undefined Weak Reference
    _signal_finish                            - Undefined Weak Reference
    _signal_init                              - Undefined Weak Reference
    _terminateio                              - Undefined Weak Reference
    __Vectors_Size                           0x00000120   Number         0  startup_stm32f10x_md_vl.o ABSOLUTE
    __Vectors                                0x08000000   Data           4  startup_stm32f10x_md_vl.o(RESET)
    __Vectors_End                            0x08000120   Data           0  startup_stm32f10x_md_vl.o(RESET)
    __main                                   0x08000121   Thumb Code     8  __main.o(!!!main)
    __scatterload                            0x08000129   Thumb Code     0  __scatter.o(!!!scatter)
    __scatterload_rt2                        0x08000129   Thumb Code    44  __scatter.o(!!!scatter)
    __scatterload_rt2_thumb_only             0x08000129   Thumb Code     0  __scatter.o(!!!scatter)
    __scatterload_null                       0x08000137   Thumb Code     0  __scatter.o(!!!scatter)
    __scatterload_copy                       0x0800015d   Thumb Code    26  __scatter_copy.o(!!handler_copy)
    __scatterload_zeroinit                   0x08000179   Thumb Code    28  __scatter_zi.o(!!handler_zi)
    _printf_i                                0x08000195   Thumb Code     0  _printf_i.o(.ARM.Collect$$_printf_percent$$00000008)
    _printf_percent                          0x08000195   Thumb Code     0  _printf_percent.o(.ARM.Collect$$_printf_percent$$00000000)
    _printf_percent_end                      0x0800019b   Thumb Code     0  _printf_percent_end.o(.ARM.Collect$$_printf_percent$$00000017)
    __rt_lib_init                            0x0800019f   Thumb Code     0  libinit.o(.ARM.Collect$$libinit$$00000000)
    __rt_lib_init_fp_1                       0x080001a1   Thumb Code     0  libinit2.o(.ARM.Collect$$libinit$$00000002)
    __rt_lib_init_heap_2                     0x080001a1   Thumb Code     0  libinit2.o(.ARM.Collect$$libinit$$00000005)
    __rt_lib_init_preinit_1                  0x080001a1   Thumb Code     0  libinit2.o(.ARM.Collect$$libinit$$00000004)
    __rt_lib_init_heap_1                     0x080001a9   Thumb Code     0  libinit2.o(.ARM.Collect$$libinit$$0000000A)
    __rt_lib_init_rand_2                     0x080001a9   Thumb Code     0  libinit2.o(.ARM.Collect$$libinit$$0000000D)
    __rt_lib_init_user_alloc_1               0x080001a9   Thumb Code     0  libinit2.o(.ARM.Collect$$libinit$$0000000C)
    __rt_lib_init_alloca_1                   0x080001ad   Thumb Code     0  libinit2.o(.ARM.Collect$$libinit$$0000002E)
    __rt_lib_init_argv_1                     0x080001ad   Thumb Code     0  libinit2.o(.ARM.Collect$$libinit$$0000002C)
    __rt_lib_init_atexit_1                   0x080001ad   Thumb Code     0  libinit2.o(.ARM.Collect$$libinit$$0000001B)
    __rt_lib_init_clock_1                    0x080001ad   Thumb Code     0  libinit2.o(.ARM.Collect$$libinit$$00000021)
    __rt_lib_init_cpp_1                      0x080001ad   Thumb Code     0  libinit2.o(.ARM.Collect$$libinit$$00000032)
    __rt_lib_init_exceptions_1               0x080001ad   Thumb Code     0  libinit2.o(.ARM.Collect$$libinit$$00000030)
    __rt_lib_init_fp_trap_1                  0x080001ad   Thumb Code     0  libinit2.o(.ARM.Collect$$libinit$$0000001F)
    __rt_lib_init_getenv_1                   0x080001ad   Thumb Code     0  libinit2.o(.ARM.Collect$$libinit$$00000023)
    __rt_lib_init_lc_collate_1               0x080001ad   Thumb Code     0  libinit2.o(.ARM.Collect$$libinit$$00000011)
    __rt_lib_init_lc_ctype_1                 0x080001ad   Thumb Code     0  libinit2.o(.ARM.Collect$$libinit$$00000013)
    __rt_lib_init_lc_monetary_1              0x080001ad   Thumb Code     0  libinit2.o(.ARM.Collect$$libinit$$00000015)
    __rt_lib_init_lc_numeric_1               0x080001ad   Thumb Code     0  libinit2.o(.ARM.Collect$$libinit$$00000017)
    __rt_lib_init_lc_time_1                  0x080001ad   Thumb Code     0  libinit2.o(.ARM.Collect$$libinit$$00000019)
    __rt_lib_init_rand_1                     0x080001ad   Thumb Code     0  libinit2.o(.ARM.Collect$$libinit$$0000000E)
    __rt_lib_init_return                     0x080001ad   Thumb Code     0  libinit2.o(.ARM.Collect$$libinit$$00000033)
    __rt_lib_init_signal_1                   0x080001ad   Thumb Code     0  libinit2.o(.ARM.Collect$$libinit$$0000001D)
    __rt_lib_init_stdio_1                    0x080001ad   Thumb Code     0  libinit2.o(.ARM.Collect$$libinit$$00000025)
    __rt_lib_shutdown                        0x080001af   Thumb Code     0  libshutdown.o(.ARM.Collect$$libshutdown$$00000000)
    __rt_lib_shutdown_cpp_1                  0x080001b1   Thumb Code     0  libshutdown2.o(.ARM.Collect$$libshutdown$$00000002)
    __rt_lib_shutdown_fp_trap_1              0x080001b1   Thumb Code     0  libshutdown2.o(.ARM.Collect$$libshutdown$$00000007)
    __rt_lib_shutdown_heap_1                 0x080001b1   Thumb Code     0  libshutdown2.o(.ARM.Collect$$libshutdown$$0000000F)
    __rt_lib_shutdown_return                 0x080001b1   Thumb Code     0  libshutdown2.o(.ARM.Collect$$libshutdown$$00000010)
    __rt_lib_shutdown_signal_1               0x080001b1   Thumb Code     0  libshutdown2.o(.ARM.Collect$$libshutdown$$0000000A)
    __rt_lib_shutdown_stdio_1                0x080001b1   Thumb Code     0  libshutdown2.o(.ARM.Collect$$libshutdown$$00000004)
    __rt_lib_shutdown_user_alloc_1           0x080001b1   Thumb Code     0  libshutdown2.o(.ARM.Collect$$libshutdown$$0000000C)
    __rt_entry                               0x080001b3   Thumb Code     0  __rtentry.o(.ARM.Collect$$rtentry$$00000000)
    __rt_entry_presh_1                       0x080001b3   Thumb Code     0  __rtentry2.o(.ARM.Collect$$rtentry$$00000002)
    __rt_entry_sh                            0x080001b3   Thumb Code     0  __rtentry4.o(.ARM.Collect$$rtentry$$00000004)
    __rt_entry_li                            0x080001b9   Thumb Code     0  __rtentry2.o(.ARM.Collect$$rtentry$$0000000A)
    __rt_entry_postsh_1                      0x080001b9   Thumb Code     0  __rtentry2.o(.ARM.Collect$$rtentry$$00000009)
    __rt_entry_main                          0x080001bd   Thumb Code     0  __rtentry2.o(.ARM.Collect$$rtentry$$0000000D)
    __rt_entry_postli_1                      0x080001bd   Thumb Code     0  __rtentry2.o(.ARM.Collect$$rtentry$$0000000C)
    __rt_exit                                0x080001c5   Thumb Code     0  rtexit.o(.ARM.Collect$$rtexit$$00000000)
    __rt_exit_ls                             0x080001c7   Thumb Code     0  rtexit2.o(.ARM.Collect$$rtexit$$00000003)
    __rt_exit_prels_1                        0x080001c7   Thumb Code     0  rtexit2.o(.ARM.Collect$$rtexit$$00000002)
    __rt_exit_exit                           0x080001cb   Thumb Code     0  rtexit2.o(.ARM.Collect$$rtexit$$00000004)
    rand                                     0x080001d1   Thumb Code    48  rand.o(.emb_text)
    Reset_Handler                            0x08000205   Thumb Code     8  startup_stm32f10x_md_vl.o(.text)
    _maybe_terminate_alloc                   0x08000205   Thumb Code     0  maybetermalloc1.o(.emb_text)
    NMI_Handler                              0x0800020d   Thumb Code     2  startup_stm32f10x_md_vl.o(.text)
    HardFault_Handler                        0x0800020f   Thumb Code     2  startup_stm32f10x_md_vl.o(.text)
    MemManage_Handler                        0x08000211   Thumb Code     2  startup_stm32f10x_md_vl.o(.text)
    BusFault_Handler                         0x08000213   Thumb Code     2  startup_stm32f10x_md_vl.o(.text)
    UsageFault_Handler                       0x08000215   Thumb Code     2  startup_stm32f10x_md_vl.o(.text)
    SVC_Handler                              0x08000217   Thumb Code     2  startup_stm32f10x_md_vl.o(.text)
    DebugMon_Handler                         0x08000219   Thumb Code     2  startup_stm32f10x_md_vl.o(.text)
    PendSV_Handler                           0x0800021b   Thumb Code     2  startup_stm32f10x_md_vl.o(.text)
    ADC1_IRQHandler                          0x0800021f   Thumb Code     0  startup_stm32f10x_md_vl.o(.text)
    CEC_IRQHandler                           0x0800021f   Thumb Code     0  startup_stm32f10x_md_vl.o(.text)
    DMA1_Channel1_IRQHandler                 0x0800021f   Thumb Code     0  startup_stm32f10x_md_vl.o(.text)
    DMA1_Channel2_IRQHandler                 0x0800021f   Thumb Code     0  startup_stm32f10x_md_vl.o(.text)
    DMA1_Channel3_IRQHandler                 0x0800021f   Thumb Code     0  startup_stm32f10x_md_vl.o(.text)
    DMA1_Channel4_IRQHandler                 0x0800021f   Thumb Code     0  startup_stm32f10x_md_vl.o(.text)
    DMA1_Channel5_IRQHandler                 0x0800021f   Thumb Code     0  startup_stm32f10x_md_vl.o(.text)
    DMA1_Channel6_IRQHandler                 0x0800021f   Thumb Code     0  startup_stm32f10x_md_vl.o(.text)
    DMA1_Channel7_IRQHandler                 0x0800021f   Thumb Code     0  startup_stm32f10x_md_vl.o(.text)
    EXTI0_IRQHandler                         0x0800021f   Thumb Code     0  startup_stm32f10x_md_vl.o(.text)
    EXTI15_10_IRQHandler                     0x0800021f   Thumb Code     0  startup_stm32f10x_md_vl.o(.text)
    EXTI1_IRQHandler                         0x0800021f   Thumb Code     0  startup_stm32f10x_md_vl.o(.text)
    EXTI2_IRQHandler                         0x0800021f   Thumb Code     0  startup_stm32f10x_md_vl.o(.text)
    EXTI3_IRQHandler                         0x0800021f   Thumb Code     0  startup_stm32f10x_md_vl.o(.text)
    EXTI4_IRQHandler                         0x0800021f   Thumb Code     0  startup_stm32f10x_md_vl.o(.text)
    EXTI9_5_IRQHandler                       0x0800021f   Thumb Code     0  startup_stm32f10x_md_vl.o(.text)
    FLASH_IRQHandler                         0x0800021f   Thumb Code     0  startup_stm32f10x_md_vl.o(.text)
    I2C1_ER_IRQHandler                       0x0800021f   Thumb Code     0  startup_stm32f10x_md_vl.o(.text)
    I2C1_EV_IRQHandler                       0x0800021f   Thumb Code     0  startup_stm32f10x_md_vl.o(.text)
    I2C2_ER_IRQHandler                       0x0800021f   Thumb Code     0  startup_stm32f10x_md_vl.o(.text)
    I2C2_EV_IRQHandler                       0x0800021f   Thumb Code     0  startup_stm32f10x_md_vl.o(.text)
    PVD_IRQHandler                           0x0800021f   Thumb Code     0  startup_stm32f10x_md_vl.o(.text)
    RCC_IRQHandler                           0x0800021f   Thumb Code     0  startup_stm32f10x_md_vl.o(.text)
    RTCAlarm_IRQHandler                      0x0800021f   Thumb Code     0  startup_stm32f10x_md_vl.o(.text)
    RTC_IRQHandler                           0x0800021f   Thumb Code     0  startup_stm32f10x_md_vl.o(.text)
    SPI1_IRQHandler                          0x0800021f   Thumb Code     0  startup_stm32f10x_md_vl.o(.text)
    SPI2_IRQHandler                          0x0800021f   Thumb Code     0  startup_stm32f10x_md_vl.o(.text)
    TAMPER_IRQHandler                        0x0800021f   Thumb Code     0  startup_stm32f10x_md_vl.o(.text)
    TIM1_BRK_TIM15_IRQHandler                0x0800021f   Thumb Code     0  startup_stm32f10x_md_vl.o(.text)
    TIM1_CC_IRQHandler                       0x0800021f   Thumb Code     0  startup_stm32f10x_md_vl.o(.text)
    TIM1_TRG_COM_TIM17_IRQHandler            0x0800021f   Thumb Code     0  startup_stm32f10x_md_vl.o(.text)
    TIM1_UP_TIM16_IRQHandler                 0x0800021f   Thumb Code     0  startup_stm32f10x_md_vl.o(.text)
    TIM2_IRQHandler                          0x0800021f   Thumb Code     0  startup_stm32f10x_md_vl.o(.text)
    TIM3_IRQHandler                          0x0800021f   Thumb Code     0  startup_stm32f10x_md_vl.o(.text)
    TIM4_IRQHandler                          0x0800021f   Thumb Code     0  startup_stm32f10x_md_vl.o(.text)
    TIM6_DAC_IRQHandler                      0x0800021f   Thumb Code     0  startup_stm32f10x_md_vl.o(.text)
    TIM7_IRQHandler                          0x0800021f   Thumb Code     0  startup_stm32f10x_md_vl.o(.text)
    USART1_IRQHandler                        0x0800021f   Thumb Code     0  startup_stm32f10x_md_vl.o(.text)
    USART2_IRQHandler                        0x0800021f   Thumb Code     0  startup_stm32f10x_md_vl.o(.text)
    WWDG_IRQHandler                          0x0800021f   Thumb Code     0  startup_stm32f10x_md_vl.o(.text)
    __user_initial_stackheap                 0x08000221   Thumb Code     0  startup_stm32f10x_md_vl.o(.text)
    malloc                                   0x08000245   Thumb Code    94  h1_alloc.o(.text)
    free                                     0x080002a3   Thumb Code    78  h1_free.o(.text)
    __aeabi_uldivmod                         0x080002f1   Thumb Code     0  lludivv7m.o(.text)
    _ll_udiv                                 0x080002f1   Thumb Code   238  lludivv7m.o(.text)
    __2sprintf                               0x080003e1   Thumb Code    34  noretval__2sprintf.o(.text)
    __printf                                 0x08000409   Thumb Code   104  __printf.o(.text)
    _printf_int_dec                          0x08000471   Thumb Code   104  _printf_dec.o(.text)
    srand                                    0x080004e9   Thumb Code    42  rand.o(.text)
    _rand_init                               0x08000513   Thumb Code     4  rand.o(.text)
    strlen                                   0x08000525   Thumb Code    62  strlen.o(.text)
    strcat                                   0x08000563   Thumb Code    24  strcat.o(.text)
    __aeabi_memset                           0x0800057b   Thumb Code    16  aeabi_memset.o(.text)
    strncpy                                  0x0800058b   Thumb Code    86  strncpy.o(.text)
    __use_two_region_memory                  0x080005e1   Thumb Code     2  heapauxi.o(.text)
    __rt_heap_escrow                         0x080005e3   Thumb Code     2  heapauxi.o(.text)
    __rt_heap_expand                         0x080005e5   Thumb Code     2  heapauxi.o(.text)
    __rt_heap_descriptor                     0x080005e9   Thumb Code     8  rt_heap_descriptor_intlibspace.o(.text)
    __use_no_heap                            0x080005f1   Thumb Code     2  hguard.o(.text)
    __heap$guard                             0x080005f3   Thumb Code     2  hguard.o(.text)
    _terminate_user_alloc                    0x080005f5   Thumb Code     2  init_alloc.o(.text)
    _init_user_alloc                         0x080005f7   Thumb Code     2  init_alloc.o(.text)
    __Heap_Full                              0x080005f9   Thumb Code    34  init_alloc.o(.text)
    __Heap_Broken                            0x0800061b   Thumb Code     6  init_alloc.o(.text)
    _init_alloc                              0x08000621   Thumb Code    94  init_alloc.o(.text)
    __Heap_Initialize                        0x0800067f   Thumb Code    10  h1_init.o(.text)
    __Heap_DescSize                          0x08000689   Thumb Code     4  h1_init.o(.text)
    _printf_int_common                       0x0800068d   Thumb Code   178  _printf_intcommon.o(.text)
    _printf_char_common                      0x0800074b   Thumb Code    32  _printf_char_common.o(.text)
    _sputc                                   0x08000771   Thumb Code    10  _sputc.o(.text)
    __aeabi_memclr                           0x0800077b   Thumb Code     0  rt_memclr.o(.text)
    __rt_memclr                              0x0800077b   Thumb Code    68  rt_memclr.o(.text)
    _memset                                  0x0800077f   Thumb Code     0  rt_memclr.o(.text)
    __user_libspace                          0x080007c1   Thumb Code     8  libspace.o(.text)
    __user_perproc_libspace                  0x080007c1   Thumb Code     0  libspace.o(.text)
    __user_perthread_libspace                0x080007c1   Thumb Code     0  libspace.o(.text)
    __Heap_ProvideMemory                     0x080007c9   Thumb Code    52  h1_extend.o(.text)
    __rt_SIGRTMEM                            0x080007fd   Thumb Code    14  defsig_rtmem_outer.o(.text)
    __aeabi_memclr4                          0x0800080b   Thumb Code     0  rt_memclr_w.o(.text)
    __aeabi_memclr8                          0x0800080b   Thumb Code     0  rt_memclr_w.o(.text)
    __rt_memclr_w                            0x0800080b   Thumb Code    78  rt_memclr_w.o(.text)
    _memset_w                                0x0800080f   Thumb Code     0  rt_memclr_w.o(.text)
    __I$use$semihosting                      0x08000859   Thumb Code     0  use_no_semi.o(.text)
    __use_no_semihosting_swi                 0x08000859   Thumb Code     2  use_no_semi.o(.text)
    __semihosting_library_function           0x0800085b   Thumb Code     0  indicate_semi.o(.text)
    __user_setup_stackheap                   0x0800085b   Thumb Code    74  sys_stackheap_outer.o(.text)
    exit                                     0x080008a5   Thumb Code    18  exit.o(.text)
    __sig_exit                               0x080008b7   Thumb Code    10  defsig_exit.o(.text)
    __rt_SIGRTMEM_inner                      0x080008c1   Thumb Code    22  defsig_rtmem_inner.o(.text)
    _sys_exit                                0x08000911   Thumb Code     8  sys_exit.o(.text)
    __default_signal_display                 0x0800091d   Thumb Code    50  defsig_general.o(.text)
    _ttywrch                                 0x0800094f   Thumb Code    14  sys_wrch.o(.text)
    PS2Init                                  0x0800095d   Thumb Code   496  ps2.o(i.PS2Init)
    SysTick_Handler                          0x08000c25   Thumb Code   526  main.o(i.SysTick_Handler)
    SystemInit                               0x08000e51   Thumb Code    82  system_stm32f10x.o(i.SystemInit)
    USART3_IRQHandler                        0x08000eb5   Thumb Code   128  main.o(i.USART3_IRQHandler)
    checkDelay                               0x08000f41   Thumb Code   194  lcd.o(i.checkDelay)
    clearLCD                                 0x08001011   Thumb Code    10  lcd.o(i.clearLCD)
    clockInit                                0x0800101d   Thumb Code    30  gpio_lib.o(i.clockInit)
    delay                                    0x08001049   Thumb Code    14  gpio_lib.o(i.delay)
    getTrackNumber                           0x08001059   Thumb Code     6  mp3trigger.o(i.getTrackNumber)
    getWindowPosition                        0x08001065   Thumb Code     6  lcd.o(i.getWindowPosition)
    initLCD                                  0x08001071   Thumb Code   150  lcd.o(i.initLCD)
    initMP3Trigger                           0x08001125   Thumb Code   198  mp3trigger.o(i.initMP3Trigger)
    intToLCD                                 0x080011fd   Thumb Code   586  lcd.o(i.intToLCD)
    lcdInitTimer                             0x08001451   Thumb Code    42  lcd.o(i.lcdInitTimer)
    lcdReadTimer                             0x08001485   Thumb Code     6  lcd.o(i.lcdReadTimer)
    lcdUpdateTimer                           0x08001491   Thumb Code    28  lcd.o(i.lcdUpdateTimer)
    main                                     0x080014b1   Thumb Code   122  main.o(i.main)
    nextTrack                                0x08001535   Thumb Code    44  mp3trigger.o(i.nextTrack)
    playTrack                                0x08001565   Thumb Code    76  mp3trigger.o(i.playTrack)
    pollController                           0x080015b9   Thumb Code   178  ps2.o(i.pollController)
    portClockInit                            0x08001681   Thumb Code    34  gpio_lib.o(i.portClockInit)
    portInit                                 0x080016a9   Thumb Code     8  gpio_lib.o(i.portInit)
    prevTrack                                0x080016b9   Thumb Code    42  mp3trigger.o(i.prevTrack)
    printSongInformation                     0x080016e9   Thumb Code   112  main.o(i.printSongInformation)
    readWrite                                0x08001771   Thumb Code    48  ps2.o(i.readWrite)
    resetTimer                               0x080017a5   Thumb Code    20  lcd.o(i.resetTimer)
    scrollLCD                                0x080017c1   Thumb Code    88  lcd.o(i.scrollLCD)
    sendCommand                              0x0800181d   Thumb Code    48  lcd.o(i.sendCommand)
    setScreenPosition                        0x08001859   Thumb Code    56  lcd.o(i.setScreenPosition)
    setVolume                                0x08001895   Thumb Code    72  mp3trigger.o(i.setVolume)
    startStop                                0x080018e1   Thumb Code    38  mp3trigger.o(i.startStop)
    stringToLCD                              0x0800190d   Thumb Code    72  lcd.o(i.stringToLCD)
    updateSongInformation                    0x08001955   Thumb Code   208  main.o(i.updateSongInformation)
    updateVolumeInformation                  0x08001a45   Thumb Code   282  main.o(i.updateVolumeInformation)
    writeLCD                                 0x08001ba9   Thumb Code    54  lcd.o(i.writeLCD)
    __aeabi_d2f                              0x08001bf1   Thumb Code     0  d2f.o(x$fpl$d2f)
    _d2f                                     0x08001bf1   Thumb Code    98  d2f.o(x$fpl$d2f)
    __aeabi_dadd                             0x08001c55   Thumb Code     0  daddsub_clz.o(x$fpl$dadd)
    _dadd                                    0x08001c55   Thumb Code   332  daddsub_clz.o(x$fpl$dadd)
    __fpl_dcmp_Inf                           0x08001da5   Thumb Code    24  dcmpi.o(x$fpl$dcmpinf)
    __aeabi_ddiv                             0x08001dbd   Thumb Code     0  ddiv.o(x$fpl$ddiv)
    _ddiv                                    0x08001dbd   Thumb Code   552  ddiv.o(x$fpl$ddiv)
    __aeabi_d2iz                             0x0800206d   Thumb Code     0  dfix.o(x$fpl$dfix)
    _dfix                                    0x0800206d   Thumb Code    94  dfix.o(x$fpl$dfix)
    __aeabi_i2d                              0x080020cb   Thumb Code     0  dflt_clz.o(x$fpl$dflt)
    _dflt                                    0x080020cb   Thumb Code    46  dflt_clz.o(x$fpl$dflt)
    __aeabi_ul2d                             0x080020f9   Thumb Code     0  dfltll_clz.o(x$fpl$dfltull)
    _ll_uto_d                                0x080020f9   Thumb Code   138  dfltll_clz.o(x$fpl$dfltull)
    __aeabi_cdcmple                          0x08002185   Thumb Code     0  dleqf.o(x$fpl$dleqf)
    _dcmple                                  0x08002185   Thumb Code   120  dleqf.o(x$fpl$dleqf)
    __fpl_dcmple_InfNaN                      0x080021e7   Thumb Code     0  dleqf.o(x$fpl$dleqf)
    __aeabi_dmul                             0x080021fd   Thumb Code     0  dmul.o(x$fpl$dmul)
    _dmul                                    0x080021fd   Thumb Code   332  dmul.o(x$fpl$dmul)
    __fpl_dnaninf                            0x08002351   Thumb Code   156  dnaninf.o(x$fpl$dnaninf)
    __fpl_dretinf                            0x080023ed   Thumb Code    12  dretinf.o(x$fpl$dretinf)
    __aeabi_cdrcmple                         0x080023f9   Thumb Code     0  drleqf.o(x$fpl$drleqf)
    _drcmple                                 0x080023f9   Thumb Code   108  drleqf.o(x$fpl$drleqf)
    __aeabi_drsub                            0x08002465   Thumb Code     0  daddsub_clz.o(x$fpl$drsb)
    _drsb                                    0x08002465   Thumb Code    22  daddsub_clz.o(x$fpl$drsb)
    __aeabi_dsub                             0x0800247d   Thumb Code     0  daddsub_clz.o(x$fpl$dsub)
    _dsub                                    0x0800247d   Thumb Code   464  daddsub_clz.o(x$fpl$dsub)
    __aeabi_fdiv                             0x08002651   Thumb Code     0  fdiv.o(x$fpl$fdiv)
    _fdiv                                    0x08002651   Thumb Code   384  fdiv.o(x$fpl$fdiv)
    __aeabi_f2iz                             0x080027d5   Thumb Code     0  ffix.o(x$fpl$ffix)
    _ffix                                    0x080027d5   Thumb Code    54  ffix.o(x$fpl$ffix)
    __aeabi_i2f                              0x0800280d   Thumb Code     0  fflt_clz.o(x$fpl$fflt)
    _fflt                                    0x0800280d   Thumb Code    48  fflt_clz.o(x$fpl$fflt)
    __aeabi_fmul                             0x0800283d   Thumb Code     0  fmul.o(x$fpl$fmul)
    _fmul                                    0x0800283d   Thumb Code   258  fmul.o(x$fpl$fmul)
    __fpl_fnaninf                            0x0800293f   Thumb Code   140  fnaninf.o(x$fpl$fnaninf)
    __fpl_fretinf                            0x080029cb   Thumb Code    10  fretinf.o(x$fpl$fretinf)
    __I$use$fp                               0x080029d4   Number         0  usenofp.o(x$fpl$usenofp)
    Region$$Table$$Base                      0x08002dc4   Number         0  anon$$obj.o(Region$$Table)
    Region$$Table$$Limit                     0x08002de4   Number         0  anon$$obj.o(Region$$Table)
    volume                                   0x20000000   Data           4  main.o(.data)
    shuffle                                  0x20000004   Data           4  main.o(.data)
    repeat                                   0x20000008   Data           4  main.o(.data)
    play                                     0x2000000c   Data           4  main.o(.data)
    lcdState                                 0x20000010   Data           4  main.o(.data)
    songNames                                0x20000014   Data         140  main.o(.data)
    currentTextPosition                      0x200000a0   Data           4  main.o(.data)
    trigger                                  0x200000a4   Data           8  mp3trigger.o(.data)
    t                                        0x200000b8   Data          24  lcd.o(.bss)
    prevState                                0x200000d0   Data          20  main.o(.bss)
    state                                    0x200000e4   Data          20  main.o(.bss)
    _random_number_data                      0x200000f8   Data         228  rand.o(.bss)
    __libspace_start                         0x200001dc   Data          96  libspace.o(.bss)
    __temporary_stack_top$libspace           0x2000023c   Data           0  libspace.o(.bss)



==============================================================================

Memory Map of the image

  Image Entry point : 0x08000205

  Load Region LR_1 (Base: 0x08000000, Size: 0x00002e98, Max: 0xffffffff, ABSOLUTE)

    Execution Region ER_RO (Exec base: 0x08000000, Load base: 0x08000000, Size: 0x00002de4, Max: 0xffffffff, ABSOLUTE)

    Exec Addr    Load Addr    Size         Type   Attr      Idx    E Section Name        Object

    0x08000000   0x08000000   0x00000120   Data   RO          425    RESET               startup_stm32f10x_md_vl.o
    0x08000120   0x08000120   0x00000008   Code   RO          587  * !!!main             c_w.l(__main.o)
    0x08000128   0x08000128   0x00000034   Code   RO          930    !!!scatter          c_w.l(__scatter.o)
    0x0800015c   0x0800015c   0x0000001a   Code   RO          932    !!handler_copy      c_w.l(__scatter_copy.o)
    0x08000176   0x08000176   0x00000002   PAD
    0x08000178   0x08000178   0x0000001c   Code   RO          934    !!handler_zi        c_w.l(__scatter_zi.o)
    0x08000194   0x08000194   0x00000000   Code   RO          571    .ARM.Collect$$_printf_percent$$00000000  c_w.l(_printf_percent.o)
    0x08000194   0x08000194   0x00000006   Code   RO          570    .ARM.Collect$$_printf_percent$$00000008  c_w.l(_printf_i.o)
    0x0800019a   0x0800019a   0x00000004   Code   RO          691    .ARM.Collect$$_printf_percent$$00000017  c_w.l(_printf_percent_end.o)
    0x0800019e   0x0800019e   0x00000002   Code   RO          865    .ARM.Collect$$libinit$$00000000  c_w.l(libinit.o)
    0x080001a0   0x080001a0   0x00000000   Code   RO          699    .ARM.Collect$$libinit$$00000002  c_w.l(libinit2.o)
    0x080001a0   0x080001a0   0x00000000   Code   RO          701    .ARM.Collect$$libinit$$00000004  c_w.l(libinit2.o)
    0x080001a0   0x080001a0   0x00000008   Code   RO          702    .ARM.Collect$$libinit$$00000005  c_w.l(libinit2.o)
    0x080001a8   0x080001a8   0x00000000   Code   RO          704    .ARM.Collect$$libinit$$0000000A  c_w.l(libinit2.o)
    0x080001a8   0x080001a8   0x00000000   Code   RO          706    .ARM.Collect$$libinit$$0000000C  c_w.l(libinit2.o)
    0x080001a8   0x080001a8   0x00000004   Code   RO          707    .ARM.Collect$$libinit$$0000000D  c_w.l(libinit2.o)
    0x080001ac   0x080001ac   0x00000000   Code   RO          708    .ARM.Collect$$libinit$$0000000E  c_w.l(libinit2.o)
    0x080001ac   0x080001ac   0x00000000   Code   RO          711    .ARM.Collect$$libinit$$00000011  c_w.l(libinit2.o)
    0x080001ac   0x080001ac   0x00000000   Code   RO          713    .ARM.Collect$$libinit$$00000013  c_w.l(libinit2.o)
    0x080001ac   0x080001ac   0x00000000   Code   RO          715    .ARM.Collect$$libinit$$00000015  c_w.l(libinit2.o)
    0x080001ac   0x080001ac   0x00000000   Code   RO          717    .ARM.Collect$$libinit$$00000017  c_w.l(libinit2.o)
    0x080001ac   0x080001ac   0x00000000   Code   RO          719    .ARM.Collect$$libinit$$00000019  c_w.l(libinit2.o)
    0x080001ac   0x080001ac   0x00000000   Code   RO          721    .ARM.Collect$$libinit$$0000001B  c_w.l(libinit2.o)
    0x080001ac   0x080001ac   0x00000000   Code   RO          723    .ARM.Collect$$libinit$$0000001D  c_w.l(libinit2.o)
    0x080001ac   0x080001ac   0x00000000   Code   RO          725    .ARM.Collect$$libinit$$0000001F  c_w.l(libinit2.o)
    0x080001ac   0x080001ac   0x00000000   Code   RO          727    .ARM.Collect$$libinit$$00000021  c_w.l(libinit2.o)
    0x080001ac   0x080001ac   0x00000000   Code   RO          729    .ARM.Collect$$libinit$$00000023  c_w.l(libinit2.o)
    0x080001ac   0x080001ac   0x00000000   Code   RO          731    .ARM.Collect$$libinit$$00000025  c_w.l(libinit2.o)
    0x080001ac   0x080001ac   0x00000000   Code   RO          735    .ARM.Collect$$libinit$$0000002C  c_w.l(libinit2.o)
    0x080001ac   0x080001ac   0x00000000   Code   RO          737    .ARM.Collect$$libinit$$0000002E  c_w.l(libinit2.o)
    0x080001ac   0x080001ac   0x00000000   Code   RO          739    .ARM.Collect$$libinit$$00000030  c_w.l(libinit2.o)
    0x080001ac   0x080001ac   0x00000000   Code   RO          741    .ARM.Collect$$libinit$$00000032  c_w.l(libinit2.o)
    0x080001ac   0x080001ac   0x00000002   Code   RO          742    .ARM.Collect$$libinit$$00000033  c_w.l(libinit2.o)
    0x080001ae   0x080001ae   0x00000002   Code   RO          927    .ARM.Collect$$libshutdown$$00000000  c_w.l(libshutdown.o)
    0x080001b0   0x080001b0   0x00000000   Code   RO          883    .ARM.Collect$$libshutdown$$00000002  c_w.l(libshutdown2.o)
    0x080001b0   0x080001b0   0x00000000   Code   RO          885    .ARM.Collect$$libshutdown$$00000004  c_w.l(libshutdown2.o)
    0x080001b0   0x080001b0   0x00000000   Code   RO          888    .ARM.Collect$$libshutdown$$00000007  c_w.l(libshutdown2.o)
    0x080001b0   0x080001b0   0x00000000   Code   RO          891    .ARM.Collect$$libshutdown$$0000000A  c_w.l(libshutdown2.o)
    0x080001b0   0x080001b0   0x00000000   Code   RO          893    .ARM.Collect$$libshutdown$$0000000C  c_w.l(libshutdown2.o)
    0x080001b0   0x080001b0   0x00000000   Code   RO          896    .ARM.Collect$$libshutdown$$0000000F  c_w.l(libshutdown2.o)
    0x080001b0   0x080001b0   0x00000002   Code   RO          897    .ARM.Collect$$libshutdown$$00000010  c_w.l(libshutdown2.o)
    0x080001b2   0x080001b2   0x00000000   Code   RO          653    .ARM.Collect$$rtentry$$00000000  c_w.l(__rtentry.o)
    0x080001b2   0x080001b2   0x00000000   Code   RO          789    .ARM.Collect$$rtentry$$00000002  c_w.l(__rtentry2.o)
    0x080001b2   0x080001b2   0x00000006   Code   RO          801    .ARM.Collect$$rtentry$$00000004  c_w.l(__rtentry4.o)
    0x080001b8   0x080001b8   0x00000000   Code   RO          791    .ARM.Collect$$rtentry$$00000009  c_w.l(__rtentry2.o)
    0x080001b8   0x080001b8   0x00000004   Code   RO          792    .ARM.Collect$$rtentry$$0000000A  c_w.l(__rtentry2.o)
    0x080001bc   0x080001bc   0x00000000   Code   RO          794    .ARM.Collect$$rtentry$$0000000C  c_w.l(__rtentry2.o)
    0x080001bc   0x080001bc   0x00000008   Code   RO          795    .ARM.Collect$$rtentry$$0000000D  c_w.l(__rtentry2.o)
    0x080001c4   0x080001c4   0x00000002   Code   RO          870    .ARM.Collect$$rtexit$$00000000  c_w.l(rtexit.o)
    0x080001c6   0x080001c6   0x00000000   Code   RO          903    .ARM.Collect$$rtexit$$00000002  c_w.l(rtexit2.o)
    0x080001c6   0x080001c6   0x00000004   Code   RO          904    .ARM.Collect$$rtexit$$00000003  c_w.l(rtexit2.o)
    0x080001ca   0x080001ca   0x00000006   Code   RO          905    .ARM.Collect$$rtexit$$00000004  c_w.l(rtexit2.o)
    0x080001d0   0x080001d0   0x00000034   Code   RO          572    .emb_text           c_w.l(rand.o)
    0x08000204   0x08000204   0x00000000   Code   RO          812    .emb_text           c_w.l(maybetermalloc1.o)
    0x08000204   0x08000204   0x00000040   Code   RO          426  * .text               startup_stm32f10x_md_vl.o
    0x08000244   0x08000244   0x0000005e   Code   RO          482    .text               c_w.l(h1_alloc.o)
    0x080002a2   0x080002a2   0x0000004e   Code   RO          484    .text               c_w.l(h1_free.o)
    0x080002f0   0x080002f0   0x000000ee   Code   RO          540    .text               c_w.l(lludivv7m.o)
    0x080003de   0x080003de   0x00000002   PAD
    0x080003e0   0x080003e0   0x00000028   Code   RO          544    .text               c_w.l(noretval__2sprintf.o)
    0x08000408   0x08000408   0x00000068   Code   RO          546    .text               c_w.l(__printf.o)
    0x08000470   0x08000470   0x00000078   Code   RO          548    .text               c_w.l(_printf_dec.o)
    0x080004e8   0x080004e8   0x0000003c   Code   RO          573    .text               c_w.l(rand.o)
    0x08000524   0x08000524   0x0000003e   Code   RO          577    .text               c_w.l(strlen.o)
    0x08000562   0x08000562   0x00000018   Code   RO          579    .text               c_w.l(strcat.o)
    0x0800057a   0x0800057a   0x00000010   Code   RO          581    .text               c_w.l(aeabi_memset.o)
    0x0800058a   0x0800058a   0x00000056   Code   RO          583    .text               c_w.l(strncpy.o)
    0x080005e0   0x080005e0   0x00000006   Code   RO          585    .text               c_w.l(heapauxi.o)
    0x080005e6   0x080005e6   0x00000002   PAD
    0x080005e8   0x080005e8   0x00000008   Code   RO          661    .text               c_w.l(rt_heap_descriptor_intlibspace.o)
    0x080005f0   0x080005f0   0x00000004   Code   RO          663    .text               c_w.l(hguard.o)
    0x080005f4   0x080005f4   0x0000008a   Code   RO          665    .text               c_w.l(init_alloc.o)
    0x0800067e   0x0800067e   0x0000000e   Code   RO          669    .text               c_w.l(h1_init.o)
    0x0800068c   0x0800068c   0x000000b2   Code   RO          685    .text               c_w.l(_printf_intcommon.o)
    0x0800073e   0x0800073e   0x00000002   PAD
    0x08000740   0x08000740   0x00000030   Code   RO          687    .text               c_w.l(_printf_char_common.o)
    0x08000770   0x08000770   0x0000000a   Code   RO          689    .text               c_w.l(_sputc.o)
    0x0800077a   0x0800077a   0x00000044   Code   RO          694    .text               c_w.l(rt_memclr.o)
    0x080007be   0x080007be   0x00000002   PAD
    0x080007c0   0x080007c0   0x00000008   Code   RO          785    .text               c_w.l(libspace.o)
    0x080007c8   0x080007c8   0x00000034   Code   RO          814    .text               c_w.l(h1_extend.o)
    0x080007fc   0x080007fc   0x0000000e   Code   RO          820    .text               c_w.l(defsig_rtmem_outer.o)
    0x0800080a   0x0800080a   0x0000004e   Code   RO          824    .text               c_w.l(rt_memclr_w.o)
    0x08000858   0x08000858   0x00000002   Code   RO          837    .text               c_w.l(use_no_semi.o)
    0x0800085a   0x0800085a   0x00000000   Code   RO          839    .text               c_w.l(indicate_semi.o)
    0x0800085a   0x0800085a   0x0000004a   Code   RO          840    .text               c_w.l(sys_stackheap_outer.o)
    0x080008a4   0x080008a4   0x00000012   Code   RO          846    .text               c_w.l(exit.o)
    0x080008b6   0x080008b6   0x0000000a   Code   RO          848    .text               c_w.l(defsig_exit.o)
    0x080008c0   0x080008c0   0x00000050   Code   RO          854    .text               c_w.l(defsig_rtmem_inner.o)
    0x08000910   0x08000910   0x0000000c   Code   RO          868    .text               c_w.l(sys_exit.o)
    0x0800091c   0x0800091c   0x00000032   Code   RO          878    .text               c_w.l(defsig_general.o)
    0x0800094e   0x0800094e   0x0000000e   Code   RO          900    .text               c_w.l(sys_wrch.o)
    0x0800095c   0x0800095c   0x00000208   Code   RO          386    i.PS2Init           ps2.o
    0x08000b64   0x08000b64   0x00000008   Code   RO          433    i.SetSysClock       system_stm32f10x.o
    0x08000b6c   0x08000b6c   0x000000b8   Code   RO          434    i.SetSysClockTo24   system_stm32f10x.o
    0x08000c24   0x08000c24   0x0000022c   Code   RO          235    i.SysTick_Handler   main.o
    0x08000e50   0x08000e50   0x00000064   Code   RO          436    i.SystemInit        system_stm32f10x.o
    0x08000eb4   0x08000eb4   0x0000008c   Code   RO          236    i.USART3_IRQHandler  main.o
    0x08000f40   0x08000f40   0x000000d0   Code   RO          102    i.checkDelay        lcd.o
    0x08001010   0x08001010   0x0000000a   Code   RO          103    i.clearLCD          lcd.o
    0x0800101a   0x0800101a   0x00000002   PAD
    0x0800101c   0x0800101c   0x0000002c   Code   RO            4    i.clockInit         gpio_lib.o
    0x08001048   0x08001048   0x0000000e   Code   RO            5    i.delay             gpio_lib.o
    0x08001056   0x08001056   0x00000002   PAD
    0x08001058   0x08001058   0x0000000c   Code   RO          314    i.getTrackNumber    mp3trigger.o
    0x08001064   0x08001064   0x0000000c   Code   RO          105    i.getWindowPosition  lcd.o
    0x08001070   0x08001070   0x000000b4   Code   RO          107    i.initLCD           lcd.o
    0x08001124   0x08001124   0x000000d8   Code   RO          315    i.initMP3Trigger    mp3trigger.o
    0x080011fc   0x080011fc   0x00000254   Code   RO          108    i.intToLCD          lcd.o
    0x08001450   0x08001450   0x00000034   Code   RO          109    i.lcdInitTimer      lcd.o
    0x08001484   0x08001484   0x0000000c   Code   RO          110    i.lcdReadTimer      lcd.o
    0x08001490   0x08001490   0x00000020   Code   RO          111    i.lcdUpdateTimer    lcd.o
    0x080014b0   0x080014b0   0x00000084   Code   RO          237    i.main              main.o
    0x08001534   0x08001534   0x00000030   Code   RO          316    i.nextTrack         mp3trigger.o
    0x08001564   0x08001564   0x00000054   Code   RO          317    i.playTrack         mp3trigger.o
    0x080015b8   0x080015b8   0x000000c8   Code   RO          387    i.pollController    ps2.o
    0x08001680   0x08001680   0x00000028   Code   RO            8    i.portClockInit     gpio_lib.o
    0x080016a8   0x080016a8   0x00000010   Code   RO            9    i.portInit          gpio_lib.o
    0x080016b8   0x080016b8   0x00000030   Code   RO          318    i.prevTrack         mp3trigger.o
    0x080016e8   0x080016e8   0x00000088   Code   RO          238    i.printSongInformation  main.o
    0x08001770   0x08001770   0x00000034   Code   RO          388    i.readWrite         ps2.o
    0x080017a4   0x080017a4   0x0000001c   Code   RO          112    i.resetTimer        lcd.o
    0x080017c0   0x080017c0   0x0000005c   Code   RO          113    i.scrollLCD         lcd.o
    0x0800181c   0x0800181c   0x0000003c   Code   RO          114    i.sendCommand       lcd.o
    0x08001858   0x08001858   0x0000003c   Code   RO          115    i.setScreenPosition  lcd.o
    0x08001894   0x08001894   0x0000004c   Code   RO          319    i.setVolume         mp3trigger.o
    0x080018e0   0x080018e0   0x0000002c   Code   RO          320    i.startStop         mp3trigger.o
    0x0800190c   0x0800190c   0x00000048   Code   RO          118    i.stringToLCD       lcd.o
    0x08001954   0x08001954   0x000000f0   Code   RO          239    i.updateSongInformation  main.o
    0x08001a44   0x08001a44   0x00000164   Code   RO          240    i.updateVolumeInformation  main.o
    0x08001ba8   0x08001ba8   0x00000048   Code   RO          119    i.writeLCD          lcd.o
    0x08001bf0   0x08001bf0   0x00000062   Code   RO          589    x$fpl$d2f           fz_ws.l(d2f.o)
    0x08001c52   0x08001c52   0x00000002   PAD
    0x08001c54   0x08001c54   0x00000150   Code   RO          591    x$fpl$dadd          fz_ws.l(daddsub_clz.o)
    0x08001da4   0x08001da4   0x00000018   Code   RO          743    x$fpl$dcmpinf       fz_ws.l(dcmpi.o)
    0x08001dbc   0x08001dbc   0x000002b0   Code   RO          598    x$fpl$ddiv          fz_ws.l(ddiv.o)
    0x0800206c   0x0800206c   0x0000005e   Code   RO          601    x$fpl$dfix          fz_ws.l(dfix.o)
    0x080020ca   0x080020ca   0x0000002e   Code   RO          606    x$fpl$dflt          fz_ws.l(dflt_clz.o)
    0x080020f8   0x080020f8   0x0000008a   Code   RO          612    x$fpl$dfltull       fz_ws.l(dfltll_clz.o)
    0x08002182   0x08002182   0x00000002   PAD
    0x08002184   0x08002184   0x00000078   Code   RO          615    x$fpl$dleqf         fz_ws.l(dleqf.o)
    0x080021fc   0x080021fc   0x00000154   Code   RO          617    x$fpl$dmul          fz_ws.l(dmul.o)
    0x08002350   0x08002350   0x0000009c   Code   RO          745    x$fpl$dnaninf       fz_ws.l(dnaninf.o)
    0x080023ec   0x080023ec   0x0000000c   Code   RO          747    x$fpl$dretinf       fz_ws.l(dretinf.o)
    0x080023f8   0x080023f8   0x0000006c   Code   RO          619    x$fpl$drleqf        fz_ws.l(drleqf.o)
    0x08002464   0x08002464   0x00000016   Code   RO          592    x$fpl$drsb          fz_ws.l(daddsub_clz.o)
    0x0800247a   0x0800247a   0x00000002   PAD
    0x0800247c   0x0800247c   0x000001d4   Code   RO          593    x$fpl$dsub          fz_ws.l(daddsub_clz.o)
    0x08002650   0x08002650   0x00000184   Code   RO          622    x$fpl$fdiv          fz_ws.l(fdiv.o)
    0x080027d4   0x080027d4   0x00000036   Code   RO          625    x$fpl$ffix          fz_ws.l(ffix.o)
    0x0800280a   0x0800280a   0x00000002   PAD
    0x0800280c   0x0800280c   0x00000030   Code   RO          630    x$fpl$fflt          fz_ws.l(fflt_clz.o)
    0x0800283c   0x0800283c   0x00000102   Code   RO          635    x$fpl$fmul          fz_ws.l(fmul.o)
    0x0800293e   0x0800293e   0x0000008c   Code   RO          749    x$fpl$fnaninf       fz_ws.l(fnaninf.o)
    0x080029ca   0x080029ca   0x0000000a   Code   RO          751    x$fpl$fretinf       fz_ws.l(fretinf.o)
    0x080029d4   0x080029d4   0x00000000   Code   RO          755    x$fpl$usenofp       fz_ws.l(usenofp.o)
    0x080029d4   0x080029d4   0x000003ed   Data   RO          242    .conststring        main.o
    0x08002dc1   0x08002dc1   0x00000003   PAD
    0x08002dc4   0x08002dc4   0x00000020   Data   RO          928    Region$$Table       anon$$obj.o


    Execution Region ER_RW (Exec base: 0x20000000, Load base: 0x08002de4, Size: 0x000000b4, Max: 0xffffffff, ABSOLUTE)

    Exec Addr    Load Addr    Size         Type   Attr      Idx    E Section Name        Object

    0x20000000   0x08002de4   0x000000a4   Data   RW          243    .data               main.o
    0x200000a4   0x08002e88   0x00000008   Data   RW          321    .data               mp3trigger.o
    0x200000ac   0x08002e90   0x00000006   Data   RW          389    .data               ps2.o


    Execution Region ER_ZI (Exec base: 0x200000b4, Load base: 0x08002e98, Size: 0x0000078c, Max: 0xffffffff, ABSOLUTE)

    Exec Addr    Load Addr    Size         Type   Attr      Idx    E Section Name        Object

    0x200000b4   0x08002e98   0x00000004   PAD
    0x200000b8        -       0x00000018   Zero   RW          120    .bss                lcd.o
    0x200000d0        -       0x00000028   Zero   RW          241    .bss                main.o
    0x200000f8        -       0x000000e4   Zero   RW          574    .bss                c_w.l(rand.o)
    0x200001dc        -       0x00000060   Zero   RW          786    .bss                c_w.l(libspace.o)
    0x2000023c   0x08002e98   0x00000004   PAD
    0x20000240        -       0x00000200   Zero   RW          424    HEAP                startup_stm32f10x_md_vl.o
    0x20000440        -       0x00000400   Zero   RW          423    STACK               startup_stm32f10x_md_vl.o


==============================================================================

Image component sizes


      Code (inc. data)   RO Data    RW Data    ZI Data      Debug   Object Name

       114         28          0          0          0     209851   gpio_lib.o
      1486        126          0          0         24       9540   lcd.o
      1560        182       1005        164         40       5782   main.o
       528         52          0          8          0      29227   mp3trigger.o
       772         50          0          6          0       2507   ps2.o
        64         26        288          0       1536        868   startup_stm32f10x_md_vl.o
       292         24          0          0          0       2145   system_stm32f10x.o

    ----------------------------------------------------------------------
      4820        488       1328        180       1604     259920   Object Totals
         0          0         32          0          0          0   (incl. Generated)
         4          0          3          2          4          0   (incl. Padding)

    ----------------------------------------------------------------------

      Code (inc. data)   RO Data    RW Data    ZI Data      Debug   Library Member Name

         8          0          0          0          0         68   __main.o
       104          0          0          0          0         84   __printf.o
         0          0          0          0          0          0   __rtentry.o
        12          0          0          0          0          0   __rtentry2.o
         6          0          0          0          0          0   __rtentry4.o
        52          8          0          0          0          0   __scatter.o
        26          0          0          0          0          0   __scatter_copy.o
        28          0          0          0          0          0   __scatter_zi.o
        48          6          0          0          0         96   _printf_char_common.o
       120         16          0          0          0         92   _printf_dec.o
         6          0          0          0          0          0   _printf_i.o
       178          0          0          0          0         88   _printf_intcommon.o
         0          0          0          0          0          0   _printf_percent.o
         4          0          0          0          0          0   _printf_percent_end.o
        10          0          0          0          0         68   _sputc.o
        16          0          0          0          0         68   aeabi_memset.o
        10          0          0          0          0         68   defsig_exit.o
        50          0          0          0          0         88   defsig_general.o
        80         58          0          0          0         76   defsig_rtmem_inner.o
        14          0          0          0          0         80   defsig_rtmem_outer.o
        18          0          0          0          0         80   exit.o
        94          0          0          0          0         80   h1_alloc.o
        52          0          0          0          0         68   h1_extend.o
        78          0          0          0          0         80   h1_free.o
        14          0          0          0          0         84   h1_init.o
         6          0          0          0          0        152   heapauxi.o
         4          0          0          0          0        136   hguard.o
         0          0          0          0          0          0   indicate_semi.o
       138          0          0          0          0        168   init_alloc.o
         2          0          0          0          0          0   libinit.o
        14          0          0          0          0          0   libinit2.o
         2          0          0          0          0          0   libshutdown.o
         2          0          0          0          0          0   libshutdown2.o
         8          4          0          0         96         68   libspace.o
       238          0          0          0          0        100   lludivv7m.o
         0          0          0          0          0          0   maybetermalloc1.o
        40          6          0          0          0         84   noretval__2sprintf.o
       112         18          0          0        228        160   rand.o
         8          4          0          0          0         68   rt_heap_descriptor_intlibspace.o
        68          0          0          0          0         68   rt_memclr.o
        78          0          0          0          0         80   rt_memclr_w.o
         2          0          0          0          0          0   rtexit.o
        10          0          0          0          0          0   rtexit2.o
        24          0          0          0          0         68   strcat.o
        62          0          0          0          0         76   strlen.o
        86          0          0          0          0         76   strncpy.o
        12          4          0          0          0         68   sys_exit.o
        74          0          0          0          0         80   sys_stackheap_outer.o
        14          0          0          0          0         76   sys_wrch.o
         2          0          0          0          0         68   use_no_semi.o
        98          4          0          0          0         92   d2f.o
       826         16          0          0          0        348   daddsub_clz.o
        24          0          0          0          0         68   dcmpi.o
       688        140          0          0          0        208   ddiv.o
        94          4          0          0          0         92   dfix.o
        46          0          0          0          0         68   dflt_clz.o
       138          0          0          0          0         84   dfltll_clz.o
       120          4          0          0          0         92   dleqf.o
       340         12          0          0          0        104   dmul.o
       156          4          0          0          0         92   dnaninf.o
        12          0          0          0          0         68   dretinf.o
       108          0          0          0          0         80   drleqf.o
       388         76          0          0          0         96   fdiv.o
        54          4          0          0          0         84   ffix.o
        48          0          0          0          0         68   fflt_clz.o
       258          4          0          0          0         84   fmul.o
       140          4          0          0          0         84   fnaninf.o
        10          0          0          0          0         68   fretinf.o
         0          0          0          0          0          0   usenofp.o

    ----------------------------------------------------------------------
      5600        396          0          0        328       4744   Library Totals
        18          0          0          0          4          0   (incl. Padding)

    ----------------------------------------------------------------------

      Code (inc. data)   RO Data    RW Data    ZI Data      Debug   Library Name

      2034        124          0          0        324       2864   c_w.l
      3548        272          0          0          0       1880   fz_ws.l

    ----------------------------------------------------------------------
      5600        396          0          0        328       4744   Library Totals

    ----------------------------------------------------------------------

==============================================================================


      Code (inc. data)   RO Data    RW Data    ZI Data      Debug   

     10420        884       1328        180       1932     260292   Grand Totals
     10420        884       1328        180       1932     260292   ELF Image Totals
     10420        884       1328        180          0          0   ROM Totals

==============================================================================

    Total RO  Size (Code + RO Data)                11748 (  11.47kB)
    Total RW  Size (RW Data + ZI Data)              2112 (   2.06kB)
    Total ROM Size (Code + RO Data + RW Data)      11928 (  11.65kB)

==============================================================================

